Archive member included because of file (symbol)

c:\Users\Student.EGR_03_LAPTOP.001\AppData\Roaming\Code\User\globalStorage\vexrobotics.vexcode\sdk\cpp\V5\V5_20220726_10_00_00/vexv5\libv5rt.a(v5_startup.c.obj)
                              (vexStartup)
c:\Users\Student.EGR_03_LAPTOP.001\AppData\Roaming\Code\User\globalStorage\vexrobotics.vexcode\sdk\cpp\V5\V5_20220726_10_00_00/vexv5\libv5rt.a(v5_util.c.obj)
                              c:\Users\Student.EGR_03_LAPTOP.001\AppData\Roaming\Code\User\globalStorage\vexrobotics.vexcode\sdk\cpp\V5\V5_20220726_10_00_00/vexv5\libv5rt.a(v5_startup.c.obj) (vexStdlibVersionLinked)
c:\Users\Student.EGR_03_LAPTOP.001\AppData\Roaming\Code\User\globalStorage\vexrobotics.vexcode\sdk\cpp\V5\V5_20220726_10_00_00/vexv5\libv5rt.a(v5_apijump.c.obj)
                              c:\Users\Student.EGR_03_LAPTOP.001\AppData\Roaming\Code\User\globalStorage\vexrobotics.vexcode\sdk\cpp\V5\V5_20220726_10_00_00/vexv5\libv5rt.a(v5_startup.c.obj) (vexPrivateApiEnable)
c:\Users\Student.EGR_03_LAPTOP.001\AppData\Roaming\Code\User\globalStorage\vexrobotics.vexcode\sdk\cpp\V5\V5_20220726_10_00_00/vexv5\libv5rt.a(v5_apiversions.c.obj)
                              c:\Users\Student.EGR_03_LAPTOP.001\AppData\Roaming\Code\User\globalStorage\vexrobotics.vexcode\sdk\cpp\V5\V5_20220726_10_00_00/vexv5\libv5rt.a(v5_apijump.c.obj) (vexSystemVersion)
c:\Users\Student.EGR_03_LAPTOP.001\AppData\Roaming\Code\User\globalStorage\vexrobotics.vexcode\sdk\cpp\V5\V5_20220726_10_00_00/vexv5/gcc/libs\libc.a(lib_a-fini.o)
                              c:\Users\Student.EGR_03_LAPTOP.001\AppData\Roaming\Code\User\globalStorage\vexrobotics.vexcode\sdk\cpp\V5\V5_20220726_10_00_00/vexv5\libv5rt.a(v5_startup.c.obj) (__libc_fini_array)
c:\Users\Student.EGR_03_LAPTOP.001\AppData\Roaming\Code\User\globalStorage\vexrobotics.vexcode\sdk\cpp\V5\V5_20220726_10_00_00/vexv5/gcc/libs\libc.a(lib_a-impure.o)
                              c:\Users\Student.EGR_03_LAPTOP.001\AppData\Roaming\Code\User\globalStorage\vexrobotics.vexcode\sdk\cpp\V5\V5_20220726_10_00_00/vexv5\libv5rt.a(v5_startup.c.obj) (_impure_ptr)
c:\Users\Student.EGR_03_LAPTOP.001\AppData\Roaming\Code\User\globalStorage\vexrobotics.vexcode\sdk\cpp\V5\V5_20220726_10_00_00/vexv5/gcc/libs\libc.a(lib_a-init.o)
                              c:\Users\Student.EGR_03_LAPTOP.001\AppData\Roaming\Code\User\globalStorage\vexrobotics.vexcode\sdk\cpp\V5\V5_20220726_10_00_00/vexv5\libv5rt.a(v5_startup.c.obj) (__libc_init_array)
build-lvgl\liblvgl.a(lvgl-main.o)
                              c:\Users\Student.EGR_03_LAPTOP.001\AppData\Roaming\Code\User\globalStorage\vexrobotics.vexcode\sdk\cpp\V5\V5_20220726_10_00_00/vexv5\libv5rt.a(v5_startup.c.obj) (main)

Allocating common symbols
Common symbol       size              file

__bss_end           0x4               c:\Users\Student.EGR_03_LAPTOP.001\AppData\Roaming\Code\User\globalStorage\vexrobotics.vexcode\sdk\cpp\V5\V5_20220726_10_00_00/vexv5\libv5rt.a(v5_startup.c.obj)
__vex_critical_section
                    0x1               c:\Users\Student.EGR_03_LAPTOP.001\AppData\Roaming\Code\User\globalStorage\vexrobotics.vexcode\sdk\cpp\V5\V5_20220726_10_00_00/vexv5\libv5rt.a(v5_startup.c.obj)
__sbss_start        0x4               c:\Users\Student.EGR_03_LAPTOP.001\AppData\Roaming\Code\User\globalStorage\vexrobotics.vexcode\sdk\cpp\V5\V5_20220726_10_00_00/vexv5\libv5rt.a(v5_startup.c.obj)
__bss_start         0x4               c:\Users\Student.EGR_03_LAPTOP.001\AppData\Roaming\Code\User\globalStorage\vexrobotics.vexcode\sdk\cpp\V5\V5_20220726_10_00_00/vexv5\libv5rt.a(v5_startup.c.obj)
__stack             0x4               c:\Users\Student.EGR_03_LAPTOP.001\AppData\Roaming\Code\User\globalStorage\vexrobotics.vexcode\sdk\cpp\V5\V5_20220726_10_00_00/vexv5\libv5rt.a(v5_startup.c.obj)
__sbss_end          0x4               c:\Users\Student.EGR_03_LAPTOP.001\AppData\Roaming\Code\User\globalStorage\vexrobotics.vexcode\sdk\cpp\V5\V5_20220726_10_00_00/vexv5\libv5rt.a(v5_startup.c.obj)

Discarded input sections

 .text          0x00000000        0x0 c:\Users\Student.EGR_03_LAPTOP.001\AppData\Roaming\Code\User\globalStorage\vexrobotics.vexcode\sdk\cpp\V5\V5_20220726_10_00_00/vexv5\libv5rt.a(v5_startup.c.obj)
 .data          0x00000000        0x0 c:\Users\Student.EGR_03_LAPTOP.001\AppData\Roaming\Code\User\globalStorage\vexrobotics.vexcode\sdk\cpp\V5\V5_20220726_10_00_00/vexv5\libv5rt.a(v5_startup.c.obj)
 .bss           0x00000000        0x0 c:\Users\Student.EGR_03_LAPTOP.001\AppData\Roaming\Code\User\globalStorage\vexrobotics.vexcode\sdk\cpp\V5\V5_20220726_10_00_00/vexv5\libv5rt.a(v5_startup.c.obj)
 .text.__cyg_profile_func_enter
                0x00000000        0x4 c:\Users\Student.EGR_03_LAPTOP.001\AppData\Roaming\Code\User\globalStorage\vexrobotics.vexcode\sdk\cpp\V5\V5_20220726_10_00_00/vexv5\libv5rt.a(v5_startup.c.obj)
 .text.__cyg_profile_func_exit
[...]
Memory Configuration

Name             Origin             Length             Attributes
ps7_ddr_0_S_AXI_BASEADDR 0x03800000         0x04800000
*default*        0x00000000         0xffffffff

Linker script and memory map

                0x00a00000                _HEAP_SIZE = 0xa00000
                0x00002000                _STACK_SIZE = DEFINED (_STACK_SIZE)?_STACK_SIZE:0x2000
                0x00100000                _HEAP_SIZE = DEFINED (_HEAP_SIZE)?_HEAP_SIZE:0x100000
                0x00000400                _ABORT_STACK_SIZE = DEFINED (_ABORT_STACK_SIZE)?_ABORT_STACK_SIZE:0x400
                0x00000800                _SUPERVISOR_STACK_SIZE = DEFINED (_SUPERVISOR_STACK_SIZE)?_SUPERVISOR_STACK_SIZE:0x800
                0x00000400                _IRQ_STACK_SIZE = DEFINED (_IRQ_STACK_SIZE)?_IRQ_STACK_SIZE:0x400
                0x00000400                _FIQ_STACK_SIZE = DEFINED (_FIQ_STACK_SIZE)?_FIQ_STACK_SIZE:0x400
                0x00000400                _UNDEF_STACK_SIZE = DEFINED (_UNDEF_STACK_SIZE)?_UNDEF_STACK_SIZE:0x400

.text           0x03800000      0x4a0
 *(.vectors)
 *(.boot_data)
 .boot_data     0x03800000       0x20 c:\Users\Student.EGR_03_LAPTOP.001\AppData\Roaming\Code\User\globalStorage\vexrobotics.vexcode\sdk\cpp\V5\V5_20220726_10_00_00/vexv5\libv5rt.a(v5_startup.c.obj)
                0x03800000                vexCodeSig
                0x00000020                . = 0x20
 *(.boot)
 .boot          0x03800020       0xbc c:\Users\Student.EGR_03_LAPTOP.001\AppData\Roaming\Code\User\globalStorage\vexrobotics.vexcode\sdk\cpp\V5\V5_20220726_10_00_00/vexv5\libv5rt.a(v5_startup.c.obj)
                0x03800020                vexStartup
                0x03800100                . = ALIGN (0x40)
 *fill*         0x038000dc       0x24 
 *(.freertos_vectors)
 *(.text)
 .text          0x03800100       0x1c build-lvgl\liblvgl.a(lvgl-main.o)
                0x03800100                main
 *(.text.*)
 .text.vexMain  0x0380011c       0xb0 c:\Users\Student.EGR_03_LAPTOP.001\AppData\Roaming\Code\User\globalStorage\vexrobotics.vexcode\sdk\cpp\V5\V5_20220726_10_00_00/vexv5\libv5rt.a(v5_startup.c.obj)
                0x0380011c                vexMain
 .text.__vex_function_prolog
                0x038001cc       0x18 c:\Users\Student.EGR_03_LAPTOP.001\AppData\Roaming\Code\User\globalStorage\vexrobotics.vexcode\sdk\cpp\V5\V5_20220726_10_00_00/vexv5\libv5rt.a(v5_startup.c.obj)
                0x038001cc                __vex_function_prolog
 .text._init    0x038001e4        0x4 c:\Users\Student.EGR_03_LAPTOP.001\AppData\Roaming\Code\User\globalStorage\vexrobotics.vexcode\sdk\cpp\V5\V5_20220726_10_00_00/vexv5\libv5rt.a(v5_startup.c.obj)
                0x038001e4                _init
 .text._fini    0x038001e8        0x4 c:\Users\Student.EGR_03_LAPTOP.001\AppData\Roaming\Code\User\globalStorage\vexrobotics.vexcode\sdk\cpp\V5\V5_20220726_10_00_00/vexv5\libv5rt.a(v5_startup.c.obj)
                0x038001e8                _fini
 .text.vexStdlibVersionLinked
                0x038001ec        0xc c:\Users\Student.EGR_03_LAPTOP.001\AppData\Roaming\Code\User\globalStorage\vexrobotics.vexcode\sdk\cpp\V5\V5_20220726_10_00_00/vexv5\libv5rt.a(v5_util.c.obj)
                0x038001ec                vexStdlibVersionLinked
 .text.vexStdlibVersionVerify
                0x038001f8       0x30 c:\Users\Student.EGR_03_LAPTOP.001\AppData\Roaming\Code\User\globalStorage\vexrobotics.vexcode\sdk\cpp\V5\V5_20220726_10_00_00/vexv5\libv5rt.a(v5_util.c.obj)
                0x038001f8                vexStdlibVersionVerify
 .text.vexPrivateApiEnable
                0x03800228       0x10 c:\Users\Student.EGR_03_LAPTOP.001\AppData\Roaming\Code\User\globalStorage\vexrobotics.vexcode\sdk\cpp\V5\V5_20220726_10_00_00/vexv5\libv5rt.a(v5_apijump.c.obj)
                0x03800228                vexPrivateApiEnable
 .text.vexStdlibMismatchError
                0x03800238       0x3c c:\Users\Student.EGR_03_LAPTOP.001\AppData\Roaming\Code\User\globalStorage\vexrobotics.vexcode\sdk\cpp\V5\V5_20220726_10_00_00/vexv5\libv5rt.a(v5_apijump.c.obj)
                0x03800238                vexStdlibMismatchError
 .text.vexTaskAdd
                0x03800274       0x10 c:\Users\Student.EGR_03_LAPTOP.001\AppData\Roaming\Code\User\globalStorage\vexrobotics.vexcode\sdk\cpp\V5\V5_20220726_10_00_00/vexv5\libv5rt.a(v5_apijump.c.obj)
                0x03800274                vexTaskAdd
 .text.vexTasksRun
                0x03800284       0x10 c:\Users\Student.EGR_03_LAPTOP.001\AppData\Roaming\Code\User\globalStorage\vexrobotics.vexcode\sdk\cpp\V5\V5_20220726_10_00_00/vexv5\libv5rt.a(v5_apijump.c.obj)
                0x03800284                vexTasksRun
 .text.vexTaskCheckTimeslice
                0x03800294       0x10 c:\Users\Student.EGR_03_LAPTOP.001\AppData\Roaming\Code\User\globalStorage\vexrobotics.vexcode\sdk\cpp\V5\V5_20220726_10_00_00/vexv5\libv5rt.a(v5_apijump.c.obj)
                0x03800294                vexTaskCheckTimeslice
 .text.vexTasksDump
                0x038002a4       0x1c c:\Users\Student.EGR_03_LAPTOP.001\AppData\Roaming\Code\User\globalStorage\vexrobotics.vexcode\sdk\cpp\V5\V5_20220726_10_00_00/vexv5\libv5rt.a(v5_apijump.c.obj)
                0x038002a4                vexTasksDump
 .text.vexTaskGetTaskIndex
                0x038002c0       0x10 c:\Users\Student.EGR_03_LAPTOP.001\AppData\Roaming\Code\User\globalStorage\vexrobotics.vexcode\sdk\cpp\V5\V5_20220726_10_00_00/vexv5\libv5rt.a(v5_apijump.c.obj)
                0x038002c0                vexTaskGetTaskIndex
 .text.vexTaskStopAll
                0x038002d0       0x10 c:\Users\Student.EGR_03_LAPTOP.001\AppData\Roaming\Code\User\globalStorage\vexrobotics.vexcode\sdk\cpp\V5\V5_20220726_10_00_00/vexv5\libv5rt.a(v5_apijump.c.obj)
                0x038002d0                vexTaskStopAll
 .text.vexTaskCompletionIdSet
                0x038002e0       0x10 c:\Users\Student.EGR_03_LAPTOP.001\AppData\Roaming\Code\User\globalStorage\vexrobotics.vexcode\sdk\cpp\V5\V5_20220726_10_00_00/vexv5\libv5rt.a(v5_apijump.c.obj)
                0x038002e0                vexTaskCompletionIdSet
 .text.vexDebug
                0x038002f0       0x38 c:\Users\Student.EGR_03_LAPTOP.001\AppData\Roaming\Code\User\globalStorage\vexrobotics.vexcode\sdk\cpp\V5\V5_20220726_10_00_00/vexv5\libv5rt.a(v5_apijump.c.obj)
                0x038002f0                vexDebug
 .text.vexSystemTimeGet
                0x03800328       0x1c c:\Users\Student.EGR_03_LAPTOP.001\AppData\Roaming\Code\User\globalStorage\vexrobotics.vexcode\sdk\cpp\V5\V5_20220726_10_00_00/vexv5\libv5rt.a(v5_apijump.c.obj)
                0x03800328                vexSystemTimeGet
 .text.vexSystemExitRequest
                0x03800344       0x1c c:\Users\Student.EGR_03_LAPTOP.001\AppData\Roaming\Code\User\globalStorage\vexrobotics.vexcode\sdk\cpp\V5\V5_20220726_10_00_00/vexv5\libv5rt.a(v5_apijump.c.obj)
                0x03800344                vexSystemExitRequest
 .text.vexSystemStdlibImpureDataAddr
                0x03800360       0x28 c:\Users\Student.EGR_03_LAPTOP.001\AppData\Roaming\Code\User\globalStorage\vexrobotics.vexcode\sdk\cpp\V5\V5_20220726_10_00_00/vexv5\libv5rt.a(v5_apijump.c.obj)
                0x03800360                vexSystemStdlibImpureDataAddr
 .text.vexSystemStdlibImpureDataSize
                0x03800388       0x28 c:\Users\Student.EGR_03_LAPTOP.001\AppData\Roaming\Code\User\globalStorage\vexrobotics.vexcode\sdk\cpp\V5\V5_20220726_10_00_00/vexv5\libv5rt.a(v5_apijump.c.obj)
                0x03800388                vexSystemStdlibImpureDataSize
 .text.vexSystemSaveUserData
                0x038003b0       0x3c c:\Users\Student.EGR_03_LAPTOP.001\AppData\Roaming\Code\User\globalStorage\vexrobotics.vexcode\sdk\cpp\V5\V5_20220726_10_00_00/vexv5\libv5rt.a(v5_apijump.c.obj)
                0x038003b0                vexSystemSaveUserData
 .text.vexSystemVersion
                0x038003ec       0x10 c:\Users\Student.EGR_03_LAPTOP.001\AppData\Roaming\Code\User\globalStorage\vexrobotics.vexcode\sdk\cpp\V5\V5_20220726_10_00_00/vexv5\libv5rt.a(v5_apiversions.c.obj)
                0x038003ec                vexSystemVersion
 .text.vexStdlibVersion
                0x038003fc       0x10 c:\Users\Student.EGR_03_LAPTOP.001\AppData\Roaming\Code\User\globalStorage\vexrobotics.vexcode\sdk\cpp\V5\V5_20220726_10_00_00/vexv5\libv5rt.a(v5_apiversions.c.obj)
                0x038003fc                vexStdlibVersion
 .text.__libc_fini_array
                0x0380040c       0x30 c:\Users\Student.EGR_03_LAPTOP.001\AppData\Roaming\Code\User\globalStorage\vexrobotics.vexcode\sdk\cpp\V5\V5_20220726_10_00_00/vexv5/gcc/libs\libc.a(lib_a-fini.o)
                0x0380040c                __libc_fini_array
 .text.__libc_init_array
                0x0380043c       0x58 c:\Users\Student.EGR_03_LAPTOP.001\AppData\Roaming\Code\User\globalStorage\vexrobotics.vexcode\sdk\cpp\V5\V5_20220726_10_00_00/vexv5/gcc/libs\libc.a(lib_a-init.o)
                0x0380043c                __libc_init_array
 *fill*         0x03800494        0x4 
 .text.__libc_init_array.__stub
                0x03800498        0x8 linker stubs
 *(.gnu.linkonce.t.*)
 *(.plt)
 *(.gnu_warning)
 *(.gcc_except_table)
 *(.glue_7)
 .glue_7        0x00000000        0x0 linker stubs
 *(.glue_7t)
 .glue_7t       0x00000000        0x0 linker stubs
 *(.vfp11_veneer)
 .vfp11_veneer  0x00000000        0x0 linker stubs
 *(.ARM.extab)
 *(.gnu.linkonce.armextab.*)

.v4_bx          0x038004a0        0x0
 .v4_bx         0x00000000        0x0 linker stubs

.iplt           0x038004a0        0x0
 .iplt          0x00000000        0x0 c:\Users\Student.EGR_03_LAPTOP.001\AppData\Roaming\Code\User\globalStorage\vexrobotics.vexcode\sdk\cpp\V5\V5_20220726_10_00_00/vexv5\libv5rt.a(v5_startup.c.obj)

.init
 *(.init)

.fini
 *(.fini)

.rodata         0x038004a0       0x5c
                0x038004a0                __rodata_start = .
 *(.rodata)
 *(.rodata.*)
 .rodata.str1.1
                0x038004a0       0x2e c:\Users\Student.EGR_03_LAPTOP.001\AppData\Roaming\Code\User\globalStorage\vexrobotics.vexcode\sdk\cpp\V5\V5_20220726_10_00_00/vexv5\libv5rt.a(v5_startup.c.obj)
 *fill*         0x038004ce        0x2 
 .rodata.str1.4
                0x038004d0        0x4 c:\Users\Student.EGR_03_LAPTOP.001\AppData\Roaming\Code\User\globalStorage\vexrobotics.vexcode\sdk\cpp\V5\V5_20220726_10_00_00/vexv5/gcc/libs\libc.a(lib_a-impure.o)
                                  0x2 (size before relaxing)
 .rodata.str1.1
                0x038004d4       0x28 build-lvgl\liblvgl.a(lvgl-main.o)
 *(.gnu.linkonce.r.*)
                0x038004fc                __rodata_end = .

.rodata1        0x038004fc        0x0
                0x038004fc                __rodata1_start = .
 *(.rodata1)
 *(.rodata1.*)
                0x038004fc                __rodata1_end = .

.sdata2         0x038004fc        0x0
                0x038004fc                __sdata2_start = .
 *(.sdata2)
 *(.sdata2.*)
 *(.gnu.linkonce.s2.*)
                0x038004fc                __sdata2_end = .

.sbss2          0x038004fc        0x0
                0x038004fc                __sbss2_start = .
 *(.sbss2)
 *(.sbss2.*)
 *(.gnu.linkonce.sb2.*)
                0x038004fc                __sbss2_end = .

.data           0x03800500      0x434
                0x03800500                __data_start = .
 *(.data)
 *(.data.*)
 .data.appRunning
                0x03800500        0x4 c:\Users\Student.EGR_03_LAPTOP.001\AppData\Roaming\Code\User\globalStorage\vexrobotics.vexcode\sdk\cpp\V5\V5_20220726_10_00_00/vexv5\libv5rt.a(v5_startup.c.obj)
                0x03800500                appRunning
 *fill*         0x03800504        0x4 
 .data.impure_data
                0x03800508      0x428 c:\Users\Student.EGR_03_LAPTOP.001\AppData\Roaming\Code\User\globalStorage\vexrobotics.vexcode\sdk\cpp\V5\V5_20220726_10_00_00/vexv5/gcc/libs\libc.a(lib_a-impure.o)
 .data._impure_ptr
                0x03800930        0x4 c:\Users\Student.EGR_03_LAPTOP.001\AppData\Roaming\Code\User\globalStorage\vexrobotics.vexcode\sdk\cpp\V5\V5_20220726_10_00_00/vexv5/gcc/libs\libc.a(lib_a-impure.o)
                0x03800930                _impure_ptr
 *(.gnu.linkonce.d.*)
 *(.jcr)
 *(.got)
 *(.got.plt)
                0x03800934                __data_end = .

.igot.plt       0x03800934        0x0
 .igot.plt      0x00000000        0x0 c:\Users\Student.EGR_03_LAPTOP.001\AppData\Roaming\Code\User\globalStorage\vexrobotics.vexcode\sdk\cpp\V5\V5_20220726_10_00_00/vexv5\libv5rt.a(v5_startup.c.obj)

.data1          0x03800934        0x0
                0x03800934                __data1_start = .
 *(.data1)
 *(.data1.*)
                0x03800934                __data1_end = .

.got
 *(.got)

.ctors          0x03800934        0x0
                0x03800934                __CTOR_LIST__ = .
                0x03800934                ___CTORS_LIST___ = .
 *crtbegin.o(.ctors)
 *(EXCLUDE_FILE(*crtend.o) .ctors)
 *(SORT(.ctors.*))
 *(.ctors)
                0x03800934                __CTOR_END__ = .
                0x03800934                ___CTORS_END___ = .

.dtors          0x03800934        0x0
                0x03800934                __DTOR_LIST__ = .
                0x03800934                ___DTORS_LIST___ = .
 *crtbegin.o(.dtors)
 *(EXCLUDE_FILE(*crtend.o) .dtors)
 *(SORT(.dtors.*))
 *(.dtors)
                0x03800934                __DTOR_END__ = .
                0x03800934                ___DTORS_END___ = .

.fixup          0x03800934        0x0
                0x03800934                __fixup_start = .
 *(.fixup)
                0x03800934                __fixup_end = .

.eh_frame
 *(.eh_frame)

.eh_framehdr    0x03800934        0x0
                0x03800934                __eh_framehdr_start = .
 *(.eh_framehdr)
                0x03800934                __eh_framehdr_end = .

.gcc_except_table
 *(.gcc_except_table)

.mmu_tbl        0x03804000        0x0
                0x03804000                __mmu_tbl_start = .
 *(.mmu_tbl)
                0x03804000                __mmu_tbl_end = .

.ARM.exidx      0x03800934        0x8
                0x03800934                __exidx_start = .
 *(.ARM.exidx*)
 .ARM.exidx     0x03800934        0x8 build-lvgl\liblvgl.a(lvgl-main.o)
 *(.gnu.linkonce.armexidix.*.*)
                0x0380093c                __exidx_end = .

.rel.dyn        0x0380093c        0x0
 .rel.iplt      0x00000000        0x0 c:\Users\Student.EGR_03_LAPTOP.001\AppData\Roaming\Code\User\globalStorage\vexrobotics.vexcode\sdk\cpp\V5\V5_20220726_10_00_00/vexv5\libv5rt.a(v5_startup.c.obj)

.preinit_array  0x0380093c        0x0
                0x0380093c                __preinit_array_start = .
 *(SORT(.preinit_array.*))
 *(.preinit_array)
                0x0380093c                __preinit_array_end = .

.init_array     0x0380093c        0x0
                0x0380093c                __init_array_start = .
 *(SORT(.init_array.*))
 *(.init_array)
                0x0380093c                __init_array_end = .

.fini_array     0x0380093c        0x0
                0x0380093c                __fini_array_start = .
 *(SORT(.fini_array.*))
 *(.fini_array)
                0x0380093c                __fini_array_end = .

.ARM.attributes
                0x0380093c       0x39
                0x0380093c                __ARM.attributes_start = .
 *(.ARM.attributes)
 .ARM.attributes
                0x0380093c       0x35 c:\Users\Student.EGR_03_LAPTOP.001\AppData\Roaming\Code\User\globalStorage\vexrobotics.vexcode\sdk\cpp\V5\V5_20220726_10_00_00/vexv5\libv5rt.a(v5_startup.c.obj)
 .ARM.attributes
                0x03800971       0x35 c:\Users\Student.EGR_03_LAPTOP.001\AppData\Roaming\Code\User\globalStorage\vexrobotics.vexcode\sdk\cpp\V5\V5_20220726_10_00_00/vexv5\libv5rt.a(v5_util.c.obj)
 .ARM.attributes
                0x038009a6       0x35 c:\Users\Student.EGR_03_LAPTOP.001\AppData\Roaming\Code\User\globalStorage\vexrobotics.vexcode\sdk\cpp\V5\V5_20220726_10_00_00/vexv5\libv5rt.a(v5_apijump.c.obj)
 .ARM.attributes
                0x038009db       0x35 c:\Users\Student.EGR_03_LAPTOP.001\AppData\Roaming\Code\User\globalStorage\vexrobotics.vexcode\sdk\cpp\V5\V5_20220726_10_00_00/vexv5\libv5rt.a(v5_apiversions.c.obj)
 .ARM.attributes
                0x03800a10       0x2b c:\Users\Student.EGR_03_LAPTOP.001\AppData\Roaming\Code\User\globalStorage\vexrobotics.vexcode\sdk\cpp\V5\V5_20220726_10_00_00/vexv5/gcc/libs\libc.a(lib_a-fini.o)
 .ARM.attributes
                0x03800a3b       0x2b c:\Users\Student.EGR_03_LAPTOP.001\AppData\Roaming\Code\User\globalStorage\vexrobotics.vexcode\sdk\cpp\V5\V5_20220726_10_00_00/vexv5/gcc/libs\libc.a(lib_a-impure.o)
 .ARM.attributes
                0x03800a66       0x2b c:\Users\Student.EGR_03_LAPTOP.001\AppData\Roaming\Code\User\globalStorage\vexrobotics.vexcode\sdk\cpp\V5\V5_20220726_10_00_00/vexv5/gcc/libs\libc.a(lib_a-init.o)
 .ARM.attributes
                0x03800a91       0x3a build-lvgl\liblvgl.a(lvgl-main.o)
                0x03800acb                __ARM.attributes_end = .

.sdata          0x0380093c        0x0
                0x0380093c                __sdata_start = .
 *(.sdata)
 *(.sdata.*)
 *(.gnu.linkonce.s.*)
                0x0380093c                __sdata_end = .

.sbss           0x0380093c        0x0
                0x0380093c                __sbss_start = .
 *(.sbss)
 *(.sbss.*)
 *(.gnu.linkonce.sb.*)
                0x0380093c                __sbss_end = .

.tdata          0x0380093c        0x0
                0x0380093c                __tdata_start = .
 *(.tdata)
 *(.tdata.*)
 *(.gnu.linkonce.td.*)
                0x0380093c                __tdata_end = .

.tbss           0x0380093c        0x0
                0x0380093c                __tbss_start = .
 *(.tbss)
 *(.tbss.*)
 *(.gnu.linkonce.tb.*)
                0x0380093c                __tbss_end = .

.bss            0x0380093c       0x18
                0x0380093c                __bss_start = .
 *(.bss)
 *(.bss.*)
 *(.gnu.linkonce.b.*)
 *(COMMON)
 COMMON         0x0380093c       0x18 c:\Users\Student.EGR_03_LAPTOP.001\AppData\Roaming\Code\User\globalStorage\vexrobotics.vexcode\sdk\cpp\V5\V5_20220726_10_00_00/vexv5\libv5rt.a(v5_startup.c.obj)
                0x03800940                __vex_critical_section
                0x03800954                __bss_end = .
                0x0380093c                _SDA_BASE_ = (__sdata_start + ((__sbss_end - __sdata_start) / 0x2))
                0x038004fc                _SDA2_BASE_ = (__sdata2_start + ((__sbss2_end - __sdata2_start) / 0x2))

.heap           0x03800954   0xa0000c
                0x03800960                . = ALIGN (0x10)
 *fill*         0x03800954        0xc 
                0x03800960                _heap = .
                0x03800960                HeapBase = .
                0x03800960                _heap_start = .
                0x04200960                . = (. + _HEAP_SIZE)
 *fill*         0x03800960   0xa00000 
                0x04200960                _heap_end = .
                0x04200960                HeapLimit = .

.stack          0x04200960     0x3800
                0x04200960                . = ALIGN (0x10)
                0x04200960                _stack_end = .
                0x04202960                . = (. + _STACK_SIZE)
 *fill*         0x04200960     0x2000 
                0x04202960                . = ALIGN (0x10)
                0x04202960                _stack = .
                0x04202960                __stack = _stack
                0x04202960                . = ALIGN (0x10)
                0x04202960                _irq_stack_end = .
                0x04202d60                . = (. + _IRQ_STACK_SIZE)
 *fill*         0x04202960      0x400 
                0x04202d60                . = ALIGN (0x10)
                0x04202d60                __irq_stack = .
                0x04202d60                _supervisor_stack_end = .
                0x04203560                . = (. + _SUPERVISOR_STACK_SIZE)
 *fill*         0x04202d60      0x800 
                0x04203560                . = ALIGN (0x10)
                0x04203560                __supervisor_stack = .
                0x04203560                _abort_stack_end = .
                0x04203960                . = (. + _ABORT_STACK_SIZE)
 *fill*         0x04203560      0x400 
                0x04203960                . = ALIGN (0x10)
                0x04203960                __abort_stack = .
                0x04203960                _fiq_stack_end = .
                0x04203d60                . = (. + _FIQ_STACK_SIZE)
 *fill*         0x04203960      0x400 
                0x04203d60                . = ALIGN (0x10)
                0x04203d60                __fiq_stack = .
                0x04203d60                _undef_stack_end = .
                0x04204160                . = (. + _UNDEF_STACK_SIZE)
 *fill*         0x04203d60      0x400 
                0x04204160                . = ALIGN (0x10)
                0x04204160                __undef_stack = .
                0x04204160                _end = .
LOAD c:\Users\Student.EGR_03_LAPTOP.001\AppData\Roaming\Code\User\globalStorage\vexrobotics.vexcode\sdk\cpp\V5\V5_20220726_10_00_00/vexv5/stdlib_0.lib
START GROUP
LOAD c:\Users\Student.EGR_03_LAPTOP.001\AppData\Roaming\Code\User\globalStorage\vexrobotics.vexcode\sdk\cpp\V5\V5_20220726_10_00_00/vexv5\libv5rt.a
LOAD c:\Users\Student.EGR_03_LAPTOP.001\AppData\Roaming\Code\User\globalStorage\vexrobotics.vexcode\sdk\cpp\V5\V5_20220726_10_00_00/vexv5/gcc/libs\libstdc++.a
LOAD c:\Users\Student.EGR_03_LAPTOP.001\AppData\Roaming\Code\User\globalStorage\vexrobotics.vexcode\sdk\cpp\V5\V5_20220726_10_00_00/vexv5/gcc/libs\libc.a
LOAD c:\Users\Student.EGR_03_LAPTOP.001\AppData\Roaming\Code\User\globalStorage\vexrobotics.vexcode\sdk\cpp\V5\V5_20220726_10_00_00/vexv5/gcc/libs\libm.a
LOAD c:\Users\Student.EGR_03_LAPTOP.001\AppData\Roaming\Code\User\globalStorage\vexrobotics.vexcode\sdk\cpp\V5\V5_20220726_10_00_00/vexv5/gcc/libs\libgcc.a
LOAD build-lvgl\liblvgl.a
END GROUP
OUTPUT(build/lib46f.elf elf32-littlearm)

.comment        0x00000000       0x9d
 .comment       0x00000000       0x70 c:\Users\Student.EGR_03_LAPTOP.001\AppData\Roaming\Code\User\globalStorage\vexrobotics.vexcode\sdk\cpp\V5\V5_20220726_10_00_00/vexv5\libv5rt.a(v5_startup.c.obj)
                                 0x71 (size before relaxing)
 .comment       0x00000000       0x71 c:\Users\Student.EGR_03_LAPTOP.001\AppData\Roaming\Code\User\globalStorage\vexrobotics.vexcode\sdk\cpp\V5\V5_20220726_10_00_00/vexv5\libv5rt.a(v5_util.c.obj)
 .comment       0x00000000       0x71 c:\Users\Student.EGR_03_LAPTOP.001\AppData\Roaming\Code\User\globalStorage\vexrobotics.vexcode\sdk\cpp\V5\V5_20220726_10_00_00/vexv5\libv5rt.a(v5_apijump.c.obj)
 .comment       0x00000000       0x71 c:\Users\Student.EGR_03_LAPTOP.001\AppData\Roaming\Code\User\globalStorage\vexrobotics.vexcode\sdk\cpp\V5\V5_20220726_10_00_00/vexv5\libv5rt.a(v5_apiversions.c.obj)
 .comment       0x00000070       0x2d build-lvgl\liblvgl.a(lvgl-main.o)
                                 0x2e (size before relaxing)

.note.GNU-stack
                0x00000000        0x0
 .note.GNU-stack
                0x00000000        0x0 build-lvgl\liblvgl.a(lvgl-main.o)

.debug_frame    0x00000000       0x60
 .debug_frame   0x00000000       0x34 c:\Users\Student.EGR_03_LAPTOP.001\AppData\Roaming\Code\User\globalStorage\vexrobotics.vexcode\sdk\cpp\V5\V5_20220726_10_00_00/vexv5/gcc/libs\libc.a(lib_a-fini.o)
 .debug_frame   0x00000034       0x2c c:\Users\Student.EGR_03_LAPTOP.001\AppData\Roaming\Code\User\globalStorage\vexrobotics.vexcode\sdk\cpp\V5\V5_20220726_10_00_00/vexv5/gcc/libs\libc.a(lib_a-init.o)
