Archive member included because of file (symbol)

c:\Users\woodc\AppData\Roaming\Code\User\globalStorage\vexrobotics.vexcode\sdk\cpp\V5\V5_20220726_10_00_00/vexv5\libv5rt.a(v5_startup.c.obj)
                              (vexStartup)
c:\Users\woodc\AppData\Roaming\Code\User\globalStorage\vexrobotics.vexcode\sdk\cpp\V5\V5_20220726_10_00_00/vexv5\libv5rt.a(v5_util.c.obj)
                              c:\Users\woodc\AppData\Roaming\Code\User\globalStorage\vexrobotics.vexcode\sdk\cpp\V5\V5_20220726_10_00_00/vexv5\libv5rt.a(v5_startup.c.obj) (vexStdlibVersionLinked)
c:\Users\woodc\AppData\Roaming\Code\User\globalStorage\vexrobotics.vexcode\sdk\cpp\V5\V5_20220726_10_00_00/vexv5\libv5rt.a(v5_apijump.c.obj)
                              c:\Users\woodc\AppData\Roaming\Code\User\globalStorage\vexrobotics.vexcode\sdk\cpp\V5\V5_20220726_10_00_00/vexv5\libv5rt.a(v5_startup.c.obj) (vexPrivateApiEnable)
c:\Users\woodc\AppData\Roaming\Code\User\globalStorage\vexrobotics.vexcode\sdk\cpp\V5\V5_20220726_10_00_00/vexv5\libv5rt.a(v5_apiversions.c.obj)
                              c:\Users\woodc\AppData\Roaming\Code\User\globalStorage\vexrobotics.vexcode\sdk\cpp\V5\V5_20220726_10_00_00/vexv5\libv5rt.a(v5_apijump.c.obj) (vexSystemVersion)
c:\Users\woodc\AppData\Roaming\Code\User\globalStorage\vexrobotics.vexcode\sdk\cpp\V5\V5_20220726_10_00_00/vexv5\libv5rt.a(vex_global.cpp.obj)
                              build/src/BrainOS/VariableConfig.o (vex::purple)
c:\Users\woodc\AppData\Roaming\Code\User\globalStorage\vexrobotics.vexcode\sdk\cpp\V5\V5_20220726_10_00_00/vexv5\libv5rt.a(vex_device.cpp.obj)
                              build/src/connection.o (vex::device::index())
c:\Users\woodc\AppData\Roaming\Code\User\globalStorage\vexrobotics.vexcode\sdk\cpp\V5\V5_20220726_10_00_00/vexv5\libv5rt.a(vex_motor.cpp.obj)
                              build/src/Odometry/Chassis.o (vex::motor::spin(vex::directionType, double, vex::voltageUnits))
c:\Users\woodc\AppData\Roaming\Code\User\globalStorage\vexrobotics.vexcode\sdk\cpp\V5\V5_20220726_10_00_00/vexv5\libv5rt.a(vex_imu.cpp.obj)
                              build/src/Odometry/EPA_Tracker.o (vex::inertial::inertial(long, vex::turnType))
c:\Users\woodc\AppData\Roaming\Code\User\globalStorage\vexrobotics.vexcode\sdk\cpp\V5\V5_20220726_10_00_00/vexv5\libv5rt.a(vex_rotation.cpp.obj)
                              build/src/Odometry/EPA_Tracker.o (vex::rotation::rotation(long, bool))
c:\Users\woodc\AppData\Roaming\Code\User\globalStorage\vexrobotics.vexcode\sdk\cpp\V5\V5_20220726_10_00_00/vexv5\libv5rt.a(vex_controller.cpp.obj)
                              build/src/ButtonLatch.o (vex::controller::button::pressing() const)
c:\Users\woodc\AppData\Roaming\Code\User\globalStorage\vexrobotics.vexcode\sdk\cpp\V5\V5_20220726_10_00_00/vexv5\libv5rt.a(vex_task.cpp.obj)
                              build/src/BuildAll.o (vex::task::sleep(unsigned long))
c:\Users\woodc\AppData\Roaming\Code\User\globalStorage\vexrobotics.vexcode\sdk\cpp\V5\V5_20220726_10_00_00/vexv5\libv5rt.a(vex_thread.cpp.obj)
                              build/src/Sensors/LineCounter.o (vex::thread::thread(int (*)()))
c:\Users\woodc\AppData\Roaming\Code\User\globalStorage\vexrobotics.vexcode\sdk\cpp\V5\V5_20220726_10_00_00/vexv5\libv5rt.a(vex_event.cpp.obj)
                              c:\Users\woodc\AppData\Roaming\Code\User\globalStorage\vexrobotics.vexcode\sdk\cpp\V5\V5_20220726_10_00_00/vexv5\libv5rt.a(vex_imu.cpp.obj) (vex::event::init(unsigned long, unsigned long, void (*)()))
c:\Users\woodc\AppData\Roaming\Code\User\globalStorage\vexrobotics.vexcode\sdk\cpp\V5\V5_20220726_10_00_00/vexv5\libv5rt.a(vex_mevent.cpp.obj)
                              c:\Users\woodc\AppData\Roaming\Code\User\globalStorage\vexrobotics.vexcode\sdk\cpp\V5\V5_20220726_10_00_00/vexv5\libv5rt.a(vex_controller.cpp.obj) (vex::mevent::mevent(unsigned long, unsigned long))
c:\Users\woodc\AppData\Roaming\Code\User\globalStorage\vexrobotics.vexcode\sdk\cpp\V5\V5_20220726_10_00_00/vexv5\libv5rt.a(vex_brain.cpp.obj)
                              build/src/BuildAll.o (vex::brain::brain())
c:\Users\woodc\AppData\Roaming\Code\User\globalStorage\vexrobotics.vexcode\sdk\cpp\V5\V5_20220726_10_00_00/vexv5\libv5rt.a(vex_triport.cpp.obj)
                              c:\Users\woodc\AppData\Roaming\Code\User\globalStorage\vexrobotics.vexcode\sdk\cpp\V5\V5_20220726_10_00_00/vexv5\libv5rt.a(vex_brain.cpp.obj) (vex::triport::~triport())
c:\Users\woodc\AppData\Roaming\Code\User\globalStorage\vexrobotics.vexcode\sdk\cpp\V5\V5_20220726_10_00_00/vexv5\libv5rt.a(vex_color.cpp.obj)
                              build/src/BuildAll.o (vex::color::~color())
c:\Users\woodc\AppData\Roaming\Code\User\globalStorage\vexrobotics.vexcode\sdk\cpp\V5\V5_20220726_10_00_00/vexv5\libv5rt.a(vex_timer.cpp.obj)
                              build/src/Odometry/EPA_Wheel_Control.o (vex::timer::~timer())
[...]
Memory Configuration

Name             Origin             Length             Attributes
ps7_ddr_0_S_AXI_BASEADDR 0x03800000         0x04800000
*default*        0x00000000         0xffffffff

Linker script and memory map

                0x00a00000                _HEAP_SIZE = 0xa00000
                0x00002000                _STACK_SIZE = DEFINED (_STACK_SIZE)?_STACK_SIZE:0x2000
                0x00100000                _HEAP_SIZE = DEFINED (_HEAP_SIZE)?_HEAP_SIZE:0x100000
                0x00000400                _ABORT_STACK_SIZE = DEFINED (_ABORT_STACK_SIZE)?_ABORT_STACK_SIZE:0x400
                0x00000800                _SUPERVISOR_STACK_SIZE = DEFINED (_SUPERVISOR_STACK_SIZE)?_SUPERVISOR_STACK_SIZE:0x800
                0x00000400                _IRQ_STACK_SIZE = DEFINED (_IRQ_STACK_SIZE)?_IRQ_STACK_SIZE:0x400
                0x00000400                _FIQ_STACK_SIZE = DEFINED (_FIQ_STACK_SIZE)?_FIQ_STACK_SIZE:0x400
                0x00000400                _UNDEF_STACK_SIZE = DEFINED (_UNDEF_STACK_SIZE)?_UNDEF_STACK_SIZE:0x400

.text           0x03800000     0x46d0
 *(.vectors)
 *(.boot_data)
 .boot_data     0x03800000       0x20 c:\Users\woodc\AppData\Roaming\Code\User\globalStorage\vexrobotics.vexcode\sdk\cpp\V5\V5_20220726_10_00_00/vexv5\libv5rt.a(v5_startup.c.obj)
                0x03800000                vexCodeSig
                0x00000020                . = 0x20
 *(.boot)
 .boot          0x03800020       0xbc c:\Users\woodc\AppData\Roaming\Code\User\globalStorage\vexrobotics.vexcode\sdk\cpp\V5\V5_20220726_10_00_00/vexv5\libv5rt.a(v5_startup.c.obj)
                0x03800020                vexStartup
                0x03800100                . = ALIGN (0x40)
 *fill*         0x038000dc       0x24 
 *(.freertos_vectors)
 *(.text)
 .text          0x03800100       0x3a c:\Users\woodc\AppData\Roaming\Code\User\globalStorage\vexrobotics.vexcode\sdk\cpp\V5\V5_20220726_10_00_00/vexv5/gcc/libs\libc.a(lib_a-aeabi_memmove-soft.o)
                0x03800100                __aeabi_memmove8
                0x03800100                __aeabi_memmove4
                0x03800100                __aeabi_memmove
 *(.text.*)
 *fill*         0x0380013a        0x2 
 .text._ZNSt3mapIPN3vex5motorESt6vectorIP10MotorGroupSaIS5_EESt4lessIS2_ESaISt4pairIKS2_S7_EEED2Ev
                0x0380013c       0x1c build/src/ButtonLatch.o
                0x0380013c                std::map<vex::motor*, std::vector<MotorGroup*, std::allocator<MotorGroup*> >, std::less<vex::motor*>, std::allocator<std::pair<vex::motor* const, std::vector<MotorGroup*, std::allocator<MotorGroup*> > > > >::~map()
 .text._ZNSt8_Rb_treeIPN3vex5motorESt4pairIKS2_St6vectorIP10MotorGroupSaIS7_EEESt10_Select1stISA_ESt4lessIS2_ESaISA_EE8_M_eraseEPSt13_Rb_tree_nodeISA_E
                0x03800158       0x50 build/src/ButtonLatch.o
                0x03800158                std::_Rb_tree<vex::motor*, std::pair<vex::motor* const, std::vector<MotorGroup*, std::allocator<MotorGroup*> > >, std::_Select1st<std::pair<vex::motor* const, std::vector<MotorGroup*, std::allocator<MotorGroup*> > > >, std::less<vex::motor*>, std::allocator<std::pair<vex::motor* const, std::vector<MotorGroup*, std::allocator<MotorGroup*> > > > >::_M_erase(std::_Rb_tree_node<std::pair<vex::motor* const, std::vector<MotorGroup*, std::allocator<MotorGroup*> > > >*)
 .text._GLOBAL__sub_I_ButtonLatch.cpp
                0x038001a8       0x88 build/src/ButtonLatch.o
 .text.main     0x03800230       0x8c build/src/main.o
                0x03800230                main
 .text._GLOBAL__sub_I_main.cpp
                0x038002bc       0x34 build/src/main.o
 .text._GLOBAL__sub_I_Filters.cpp
                0x038002f0       0x88 build/src/Filters.o
 .text._GLOBAL__sub_I_DriveController.cpp
                0x03800378       0x88 build/src/DriveController.o
 .text._ZNSt14_Function_baseD2Ev
                0x03800400       0x30 build/src/connection.o
                0x03800400                std::_Function_base::~_Function_base()
 .text._ZNSt6vectorIP7PotDialSaIS1_EED2Ev
                0x03800430       0x24 build/src/connection.o
                0x03800430                std::vector<PotDial*, std::allocator<PotDial*> >::~vector()
 .text._ZNSt3mapISt6vectorIiSaIiEESt8functionIFvvEESt4lessIS2_ESaISt4pairIKS2_S5_EEED2Ev
                0x03800454       0x1c build/src/connection.o
                0x03800454                std::map<std::vector<int, std::allocator<int> >, std::function<void ()>, std::less<std::vector<int, std::allocator<int> > >, std::allocator<std::pair<std::vector<int, std::allocator<int> > const, std::function<void ()> > > >::~map()
 .text._ZNSt6vectorIP11LineCounterSaIS1_EED2Ev
                0x03800470       0x24 build/src/connection.o
                0x03800470                std::vector<LineCounter*, std::allocator<LineCounter*> >::~vector()
 .text._ZNSt6vectorISt5tupleIJSsPN3vex6deviceEbbEESaIS4_EED2Ev
                0x03800494       0x48 build/src/connection.o
                0x03800494                std::vector<std::tuple<std::string, vex::device*, bool, bool>, std::allocator<std::tuple<std::string, vex::device*, bool, bool> > >::~vector()
 .text._ZNSt8_Rb_treeISt6vectorIiSaIiEESt4pairIKS2_St8functionIFvvEEESt10_Select1stIS8_ESt4lessIS2_ESaIS8_EE8_M_eraseEPSt13_Rb_tree_nodeIS8_E
                0x038004dc       0x6c build/src/connection.o
                0x038004dc                std::_Rb_tree<std::vector<int, std::allocator<int> >, std::pair<std::vector<int, std::allocator<int> > const, std::function<void ()> >, std::_Select1st<std::pair<std::vector<int, std::allocator<int> > const, std::function<void ()> > >, std::less<std::vector<int, std::allocator<int> > >, std::allocator<std::pair<std::vector<int, std::allocator<int> > const, std::function<void ()> > > >::_M_erase(std::_Rb_tree_node<std::pair<std::vector<int, std::allocator<int> > const, std::function<void ()> > >*)
 .text._ZNSt17_Function_handlerIFvvEN11SelectorArr3$_0EE9_M_invokeERKSt9_Any_data
                0x03800548       0x88 build/src/connection.o
 .text._ZNSt14_Function_base13_Base_managerIN11SelectorArr3$_0EE10_M_managerERSt9_Any_dataRKS4_St18_Manager_operation
                0x038005d0       0x54 build/src/connection.o
 .text._GLOBAL__sub_I_connection.cpp
                0x03800624      0x1f4 build/src/connection.o
 .text._GLOBAL__sub_I_vex.cpp
                0x03800818       0x88 build/src/vex.o
 .text._Z1si    0x038008a0        0x4 build/src/BuildAll.o
                0x038008a0                s(int)
 .text._ZN15BasicLinkedListIP14VariableConfigS1_S1_S0_ED2Ev
                0x038008a4       0x28 build/src/BuildAll.o
                0x038008a4                BasicLinkedList<VariableConfig*, VariableConfig*, VariableConfig*, VariableConfig>::~BasicLinkedList()
 .text._ZNSt6vectorIP5AutonSaIS1_EED2Ev
                0x038008cc       0x24 build/src/BuildAll.o
                0x038008cc                std::vector<Auton*, std::allocator<Auton*> >::~vector()
 .text._ZNSt6vectorIP6ButtonSaIS1_EED2Ev
                0x038008f0       0x24 build/src/BuildAll.o
                0x038008f0                std::vector<Button*, std::allocator<Button*> >::~vector()
 .text._ZNSt6vectorISsSaISsEED2Ev
                0x03800914       0x44 build/src/BuildAll.o
                0x03800914                std::vector<std::string, std::allocator<std::string> >::~vector()
 .text._ZN14VariableConfigD2Ev
                0x03800958       0x6c build/src/BuildAll.o
                0x03800958                VariableConfig::~VariableConfig()
 .text._ZN15BasicLinkedListI5BosFnRS0_PS0_S0_ED2Ev
                0x038009c4       0x28 build/src/BuildAll.o
                0x038009c4                BasicLinkedList<BosFn, BosFn&, BosFn*, BosFn>::~BasicLinkedList()
 .text._ZN15BasicLinkedListIP14VariableConfigS1_S1_S0_E10destructorEv
                0x038009ec       0x70 build/src/BuildAll.o
                0x038009ec                BasicLinkedList<VariableConfig*, VariableConfig*, VariableConfig*, VariableConfig>::destructor()
 .text._ZN15BasicLinkedListIP14VariableConfigS1_S1_S0_E7popBaseEv
                0x03800a5c       0x88 build/src/BuildAll.o
                0x03800a5c                BasicLinkedList<VariableConfig*, VariableConfig*, VariableConfig*, VariableConfig>::popBase()
 .text._ZN15BasicLinkedListI5BosFnRS0_PS0_S0_E10destructorEv
                0x03800ae4       0x70 build/src/BuildAll.o
                0x03800ae4                BasicLinkedList<BosFn, BosFn&, BosFn*, BosFn>::destructor()
 .text._ZN15BasicLinkedListI5BosFnRS0_PS0_S0_E7popBaseEv
                0x03800b54       0x88 build/src/BuildAll.o
                0x03800b54                BasicLinkedList<BosFn, BosFn&, BosFn*, BosFn>::popBase()
 .text._ZNSt17_Function_handlerIFvvEN11SelectorArr3$_0EE9_M_invokeERKSt9_Any_data
                0x03800bdc       0x88 build/src/BuildAll.o
 .text._ZNSt14_Function_base13_Base_managerIN11SelectorArr3$_0EE10_M_managerERSt9_Any_dataRKS4_St18_Manager_operation
                0x03800c64       0x54 build/src/BuildAll.o
 .text._ZNSt17_Function_handlerIFviEPS0_E9_M_invokeERKSt9_Any_datai
                0x03800cb8        0xc build/src/BuildAll.o
                0x03800cb8                std::_Function_handler<void (int), void (*)(int)>::_M_invoke(std::_Any_data const&, int)
 .text._ZNSt14_Function_base13_Base_managerIPFviEE10_M_managerERSt9_Any_dataRKS4_St18_Manager_operation
                0x03800cc4       0x24 build/src/BuildAll.o
                0x03800cc4                std::_Function_base::_Base_manager<void (*)(int)>::_M_manager(std::_Any_data&, std::_Any_data const&, std::_Manager_operation)
 .text._GLOBAL__sub_I_BuildAll.cpp
                0x03800ce8      0x458 build/src/BuildAll.o
 .text._ZN5Auton14configCallbackEi
                0x03801140       0xc0 build/src/AutonInit/Init.o
                0x03801140                Auton::configCallback(int)
 .text._ZNSt17_Function_handlerIFvvEN11SelectorArr3$_0EE9_M_invokeERKSt9_Any_data
                0x03801200       0x88 build/src/AutonInit/Init.o
 .text._ZNSt14_Function_base13_Base_managerIN11SelectorArr3$_0EE10_M_managerERSt9_Any_dataRKS4_St18_Manager_operation
                0x03801288       0x54 build/src/AutonInit/Init.o
 .text._GLOBAL__sub_I_Init.cpp
                0x038012dc      0x37c build/src/AutonInit/Init.o
 .text._GLOBAL__sub_I_ConnectionTest.cpp
                0x03801658       0x88 build/src/BrainOS/ConnectionTest.o
 .text._ZNSt6vectorI10lv_point_tSaIS0_EEC2ESt16initializer_listIS0_ERKS1_
                0x038016e0       0x58 build/src/BrainOS/BotTracker.o
                0x038016e0                std::vector<lv_point_t, std::allocator<lv_point_t> >::vector(std::initializer_list<lv_point_t>, std::allocator<lv_point_t> const&)
 .text._ZNSt6vectorI10lv_point_tSaIS0_EED2Ev
                0x03801738       0x24 build/src/BrainOS/BotTracker.o
                0x03801738                std::vector<lv_point_t, std::allocator<lv_point_t> >::~vector()
 .text._ZNSt12_Vector_baseI10lv_point_tSaIS0_EE11_M_allocateEj
                0x0380175c       0x30 build/src/BrainOS/BotTracker.o
                0x0380175c                std::_Vector_base<lv_point_t, std::allocator<lv_point_t> >::_M_allocate(unsigned int)
 *fill*         0x0380178c        0x4 
 .text._GLOBAL__sub_I_BotTracker.cpp
                0x03801790      0x1a0 build/src/BrainOS/BotTracker.o
 .text._ZN6ButtonC2ERN3vex5brainEiiiiNS0_5colorES3_Ssii
                0x03801930       0xa8 build/src/BrainOS/VariableConfig.o
                0x03801930                Button::Button(vex::brain&, int, int, int, int, vex::color, vex::color, std::string, int, int)
 .text._ZN6ButtonD2Ev
                0x038019d8       0x2c build/src/BrainOS/VariableConfig.o
                0x038019d8                Button::~Button()
 .text._ZN14VariableConfigC2ESt6vectorISsSaISsEESs
                0x03801a04       0xec build/src/BrainOS/VariableConfig.o
                0x03801a04                VariableConfig::VariableConfig(std::vector<std::string, std::allocator<std::string> >, std::string)
                0x03801a04                VariableConfig::VariableConfig(std::vector<std::string, std::allocator<std::string> >, std::string)
 .text._ZNSt6vectorISsSaISsEEaSERKS1_
                0x03801af0      0x17c build/src/BrainOS/VariableConfig.o
                0x03801af0                std::vector<std::string, std::allocator<std::string> >::operator=(std::vector<std::string, std::allocator<std::string> > const&)
 .text._ZN14VariableConfigC2ESt6vectorISsSaISsEESsSt8functionIFviEE
                0x03801c6c       0x9c build/src/BrainOS/VariableConfig.o
                0x03801c6c                VariableConfig::VariableConfig(std::vector<std::string, std::allocator<std::string> >, std::string, std::function<void (int)>)
                0x03801c6c                VariableConfig::VariableConfig(std::vector<std::string, std::allocator<std::string> >, std::string, std::function<void (int)>)
 .text._ZNSt6vectorISsSaISsEEC2ERKS1_
                0x03801d08       0x74 build/src/BrainOS/VariableConfig.o
                0x03801d08                std::vector<std::string, std::allocator<std::string> >::vector(std::vector<std::string, std::allocator<std::string> > const&)
 .text._ZNSt8functionIFviEEaSERKS1_
                0x03801d7c       0xa4 build/src/BrainOS/VariableConfig.o
                0x03801d7c                std::function<void (int)>::operator=(std::function<void (int)> const&)
 .text.__cxx_global_var_init.10
                0x03801e20       0x44 build/src/BrainOS/VariableConfig.o
 .text._ZNSt17_Function_handlerIFbvEN14VariableConfig6bypassMUlvE_EE9_M_invokeERKSt9_Any_data
                0x03801e64        0x8 build/src/BrainOS/VariableConfig.o
                0x03801e64                std::_Function_handler<bool (), VariableConfig::bypass::{lambda()#1}>::_M_invoke(std::_Any_data const&)
 .text._ZNSt14_Function_base13_Base_managerIN14VariableConfig6bypassMUlvE_EE10_M_managerERSt9_Any_dataRKS4_St18_Manager_operation
                0x03801e6c       0x54 build/src/BrainOS/VariableConfig.o
                0x03801e6c                std::_Function_base::_Base_manager<VariableConfig::bypass::{lambda()#1}>::_M_manager(std::_Any_data&, VariableConfig::bypass::{lambda()#1} const&, std::_Manager_operation)
 .text._ZNSt17_Function_handlerIFviEN14VariableConfig8callbackMUliE_EE9_M_invokeERKSt9_Any_datai
                0x03801ec0        0x4 build/src/BrainOS/VariableConfig.o
                0x03801ec0                std::_Function_handler<void (int), VariableConfig::callback::{lambda(int)#1}>::_M_invoke(std::_Any_data const&, int)
 .text._ZNSt14_Function_base13_Base_managerIN14VariableConfig8callbackMUliE_EE10_M_managerERSt9_Any_dataRKS4_St18_Manager_operation
                0x03801ec4       0x54 build/src/BrainOS/VariableConfig.o
                0x03801ec4                std::_Function_base::_Base_manager<VariableConfig::callback::{lambda(int)#1}>::_M_manager(std::_Any_data&, VariableConfig::callback::{lambda(int)#1} const&, std::_Manager_operation)
 .text._ZNSt6vectorISsSaISsEE20_M_allocate_and_copyIN9__gnu_cxx17__normal_iteratorIPKSsS1_EEEEPSsjT_S9_
                0x03801f18       0x44 build/src/BrainOS/VariableConfig.o
                0x03801f18                std::string* std::vector<std::string, std::allocator<std::string> >::_M_allocate_and_copy<__gnu_cxx::__normal_iterator<std::string const*, std::vector<std::string, std::allocator<std::string> > > >(unsigned int, __gnu_cxx::__normal_iterator<std::string const*, std::vector<std::string, std::allocator<std::string> > >, __gnu_cxx::__normal_iterator<std::string const*, std::vector<std::string, std::allocator<std::string> > >)
 .text._ZNSt12_Vector_baseISsSaISsEE11_M_allocateEj
                0x03801f5c       0x30 build/src/BrainOS/VariableConfig.o
                0x03801f5c                std::_Vector_base<std::string, std::allocator<std::string> >::_M_allocate(unsigned int)
 .text._ZN15BasicLinkedListIP14VariableConfigS1_S1_S0_E9basicPushILb1EEEvRS1_
                0x03801f8c       0x6c build/src/BrainOS/VariableConfig.o
                0x03801f8c                void BasicLinkedList<VariableConfig*, VariableConfig*, VariableConfig*, VariableConfig>::basicPush<true>(VariableConfig*&)
 .text._GLOBAL__sub_I_VariableConfig.cpp
                0x03801ff8      0x2c4 build/src/BrainOS/VariableConfig.o
 .text.__cxx_global_var_init.8
                0x038022bc       0x44 build/src/BrainOS/BosFn.o
 .text._GLOBAL__sub_I_BosFn.cpp
                0x03802300       0xf4 build/src/BrainOS/BosFn.o
 .text._GLOBAL__sub_I_Controllers.cpp
                0x038023f4       0x88 build/src/Odometry/Controllers.o
 .text._GLOBAL__sub_I_FieldCoord.cpp
                0x0380247c       0x88 build/src/Odometry/FieldCoord.o
 .text._GLOBAL__sub_I_EPA_Tracker.cpp
                0x03802504       0x88 build/src/Odometry/EPA_Tracker.o
 .text._GLOBAL__sub_I_Bezier.cpp
                0x0380258c       0x88 build/src/Odometry/Bezier.o
 .text._GLOBAL__sub_I_EPA_Wheel_Control.cpp
                0x03802614       0x88 build/src/Odometry/EPA_Wheel_Control.o
 .text._GLOBAL__sub_I_PID.cpp
                0x0380269c       0x88 build/src/Odometry/PID.o
 .text._GLOBAL__sub_I_Chassis.cpp
                0x03802724       0x88 build/src/Odometry/Chassis.o
 .text._ZNSt17_Function_handlerIFvvEN11SelectorArr3$_0EE9_M_invokeERKSt9_Any_data
                0x038027ac       0x88 build/src/Sensors/PotDial.o
 .text._ZNSt14_Function_base13_Base_managerIN11SelectorArr3$_0EE10_M_managerERSt9_Any_dataRKS4_St18_Manager_operation
                0x03802834       0x54 build/src/Sensors/PotDial.o
 .text._GLOBAL__sub_I_PotDial.cpp
                0x03802888      0x180 build/src/Sensors/PotDial.o
 .text._ZN11LineCounter6updateEv
                0x03802a08       0x80 build/src/Sensors/LineCounter.o
                0x03802a08                LineCounter::update()
 .text._ZN11LineCounter3$_18__invokeEv
                0x03802a88       0xc4 build/src/Sensors/LineCounter.o
 .text._ZNSt17_Function_handlerIFvvEN11SelectorArr3$_0EE9_M_invokeERKSt9_Any_data
                0x03802b4c       0x88 build/src/Sensors/LineCounter.o
 .text._ZNSt14_Function_base13_Base_managerIN11SelectorArr3$_0EE10_M_managerERSt9_Any_dataRKS4_St18_Manager_operation
                0x03802bd4       0x54 build/src/Sensors/LineCounter.o
 .text._GLOBAL__sub_I_LineCounter.cpp
                0x03802c28      0x1f8 build/src/Sensors/LineCounter.o
 .text._GLOBAL__sub_I_Encoder.cpp
                0x03802e20       0x88 build/src/Sensors/Wrappers/Encoder.o
 .text.vexMain  0x03802ea8       0xb0 c:\Users\woodc\AppData\Roaming\Code\User\globalStorage\vexrobotics.vexcode\sdk\cpp\V5\V5_20220726_10_00_00/vexv5\libv5rt.a(v5_startup.c.obj)
                0x03802ea8                vexMain
 .text.__vex_function_prolog
                0x03802f58       0x18 c:\Users\woodc\AppData\Roaming\Code\User\globalStorage\vexrobotics.vexcode\sdk\cpp\V5\V5_20220726_10_00_00/vexv5\libv5rt.a(v5_startup.c.obj)
                0x03802f58                __vex_function_prolog
 .text._init    0x03802f70        0x4 c:\Users\woodc\AppData\Roaming\Code\User\globalStorage\vexrobotics.vexcode\sdk\cpp\V5\V5_20220726_10_00_00/vexv5\libv5rt.a(v5_startup.c.obj)
                0x03802f70                _init
 .text._fini    0x03802f74        0x4 c:\Users\woodc\AppData\Roaming\Code\User\globalStorage\vexrobotics.vexcode\sdk\cpp\V5\V5_20220726_10_00_00/vexv5\libv5rt.a(v5_startup.c.obj)
                0x03802f74                _fini
 .text._sbrk    0x03802f78       0x54 c:\Users\woodc\AppData\Roaming\Code\User\globalStorage\vexrobotics.vexcode\sdk\cpp\V5\V5_20220726_10_00_00/vexv5\libv5rt.a(v5_startup.c.obj)
                0x03802f78                _sbrk
 .text.vexStdlibVersionLinked
                0x03802fcc        0xc c:\Users\woodc\AppData\Roaming\Code\User\globalStorage\vexrobotics.vexcode\sdk\cpp\V5\V5_20220726_10_00_00/vexv5\libv5rt.a(v5_util.c.obj)
                0x03802fcc                vexStdlibVersionLinked
 .text.vexStdlibVersionVerify
                0x03802fd8       0x30 c:\Users\woodc\AppData\Roaming\Code\User\globalStorage\vexrobotics.vexcode\sdk\cpp\V5\V5_20220726_10_00_00/vexv5\libv5rt.a(v5_util.c.obj)
                0x03802fd8                vexStdlibVersionVerify
 .text.vexPrivateApiEnable
                0x03803008       0x10 c:\Users\woodc\AppData\Roaming\Code\User\globalStorage\vexrobotics.vexcode\sdk\cpp\V5\V5_20220726_10_00_00/vexv5\libv5rt.a(v5_apijump.c.obj)
                0x03803008                vexPrivateApiEnable
 .text.vexStdlibMismatchError
                0x03803018       0x3c c:\Users\woodc\AppData\Roaming\Code\User\globalStorage\vexrobotics.vexcode\sdk\cpp\V5\V5_20220726_10_00_00/vexv5\libv5rt.a(v5_apijump.c.obj)
                0x03803018                vexStdlibMismatchError
 .text.vexTaskAdd
                0x03803054       0x10 c:\Users\woodc\AppData\Roaming\Code\User\globalStorage\vexrobotics.vexcode\sdk\cpp\V5\V5_20220726_10_00_00/vexv5\libv5rt.a(v5_apijump.c.obj)
                0x03803054                vexTaskAdd
 .text.vexTasksRun
                0x03803064       0x10 c:\Users\woodc\AppData\Roaming\Code\User\globalStorage\vexrobotics.vexcode\sdk\cpp\V5\V5_20220726_10_00_00/vexv5\libv5rt.a(v5_apijump.c.obj)
                0x03803064                vexTasksRun
 .text.vexTaskCheckTimeslice
                0x03803074       0x10 c:\Users\woodc\AppData\Roaming\Code\User\globalStorage\vexrobotics.vexcode\sdk\cpp\V5\V5_20220726_10_00_00/vexv5\libv5rt.a(v5_apijump.c.obj)
                0x03803074                vexTaskCheckTimeslice
 .text.vexTaskSleep
                0x03803084       0x10 c:\Users\woodc\AppData\Roaming\Code\User\globalStorage\vexrobotics.vexcode\sdk\cpp\V5\V5_20220726_10_00_00/vexv5\libv5rt.a(v5_apijump.c.obj)
                0x03803084                vexTaskSleep
 .text.vexTasksDump
                0x03803094       0x1c c:\Users\woodc\AppData\Roaming\Code\User\globalStorage\vexrobotics.vexcode\sdk\cpp\V5\V5_20220726_10_00_00/vexv5\libv5rt.a(v5_apijump.c.obj)
                0x03803094                vexTasksDump
 .text.vexTaskGetTaskIndex
                0x038030b0       0x10 c:\Users\woodc\AppData\Roaming\Code\User\globalStorage\vexrobotics.vexcode\sdk\cpp\V5\V5_20220726_10_00_00/vexv5\libv5rt.a(v5_apijump.c.obj)
                0x038030b0                vexTaskGetTaskIndex
 .text.vexTaskStopAll
                0x038030c0       0x10 c:\Users\woodc\AppData\Roaming\Code\User\globalStorage\vexrobotics.vexcode\sdk\cpp\V5\V5_20220726_10_00_00/vexv5\libv5rt.a(v5_apijump.c.obj)
                0x038030c0                vexTaskStopAll
 .text.vexTaskCompletionIdSet
                0x038030d0       0x10 c:\Users\woodc\AppData\Roaming\Code\User\globalStorage\vexrobotics.vexcode\sdk\cpp\V5\V5_20220726_10_00_00/vexv5\libv5rt.a(v5_apijump.c.obj)
                0x038030d0                vexTaskCompletionIdSet
 .text.vexEventAdd
                0x038030e0       0x34 c:\Users\woodc\AppData\Roaming\Code\User\globalStorage\vexrobotics.vexcode\sdk\cpp\V5\V5_20220726_10_00_00/vexv5\libv5rt.a(v5_apijump.c.obj)
                0x038030e0                vexEventAdd
 .text.vexEventUserIndexGet
                0x03803114       0x1c c:\Users\woodc\AppData\Roaming\Code\User\globalStorage\vexrobotics.vexcode\sdk\cpp\V5\V5_20220726_10_00_00/vexv5\libv5rt.a(v5_apijump.c.obj)
                0x03803114                vexEventUserIndexGet
 .text.vexDebug
                0x03803130       0x38 c:\Users\woodc\AppData\Roaming\Code\User\globalStorage\vexrobotics.vexcode\sdk\cpp\V5\V5_20220726_10_00_00/vexv5\libv5rt.a(v5_apijump.c.obj)
                0x03803130                vexDebug
 .text.vex_sprintf
                0x03803168       0x40 c:\Users\woodc\AppData\Roaming\Code\User\globalStorage\vexrobotics.vexcode\sdk\cpp\V5\V5_20220726_10_00_00/vexv5\libv5rt.a(v5_apijump.c.obj)
                0x03803168                vex_sprintf
 .text.vexSystemTimeGet
                0x038031a8       0x1c c:\Users\woodc\AppData\Roaming\Code\User\globalStorage\vexrobotics.vexcode\sdk\cpp\V5\V5_20220726_10_00_00/vexv5\libv5rt.a(v5_apijump.c.obj)
                0x038031a8                vexSystemTimeGet
 .text.vexSystemExitRequest
                0x038031c4       0x1c c:\Users\woodc\AppData\Roaming\Code\User\globalStorage\vexrobotics.vexcode\sdk\cpp\V5\V5_20220726_10_00_00/vexv5\libv5rt.a(v5_apijump.c.obj)
                0x038031c4                vexSystemExitRequest
 .text.vexDeviceGetByIndex
                0x038031e0       0x24 c:\Users\woodc\AppData\Roaming\Code\User\globalStorage\vexrobotics.vexcode\sdk\cpp\V5\V5_20220726_10_00_00/vexv5\libv5rt.a(v5_apijump.c.obj)
                0x038031e0                vexDeviceGetByIndex
 .text.vexDeviceAdiValueGet
                0x03803204       0x2c c:\Users\woodc\AppData\Roaming\Code\User\globalStorage\vexrobotics.vexcode\sdk\cpp\V5\V5_20220726_10_00_00/vexv5\libv5rt.a(v5_apijump.c.obj)
                0x03803204                vexDeviceAdiValueGet
 .text.vexDisplayForegroundColor
                0x03803230       0x24 c:\Users\woodc\AppData\Roaming\Code\User\globalStorage\vexrobotics.vexcode\sdk\cpp\V5\V5_20220726_10_00_00/vexv5\libv5rt.a(v5_apijump.c.obj)
                0x03803230                vexDisplayForegroundColor
 .text.vexDisplayBackgroundColor
                0x03803254       0x24 c:\Users\woodc\AppData\Roaming\Code\User\globalStorage\vexrobotics.vexcode\sdk\cpp\V5\V5_20220726_10_00_00/vexv5\libv5rt.a(v5_apijump.c.obj)
                0x03803254                vexDisplayBackgroundColor
 .text.vexDisplayTextReference
                0x03803278       0x24 c:\Users\woodc\AppData\Roaming\Code\User\globalStorage\vexrobotics.vexcode\sdk\cpp\V5\V5_20220726_10_00_00/vexv5\libv5rt.a(v5_apijump.c.obj)
                0x03803278                vexDisplayTextReference
 .text.vexDisplayTextSize
                0x0380329c       0x2c c:\Users\woodc\AppData\Roaming\Code\User\globalStorage\vexrobotics.vexcode\sdk\cpp\V5\V5_20220726_10_00_00/vexv5\libv5rt.a(v5_apijump.c.obj)
                0x0380329c                vexDisplayTextSize
 .text.vexDisplayFontNamedSet
                0x038032c8       0x24 c:\Users\woodc\AppData\Roaming\Code\User\globalStorage\vexrobotics.vexcode\sdk\cpp\V5\V5_20220726_10_00_00/vexv5\libv5rt.a(v5_apijump.c.obj)
                0x038032c8                vexDisplayFontNamedSet
 .text.vexSystemStdlibImpureDataAddr
                0x038032ec       0x28 c:\Users\woodc\AppData\Roaming\Code\User\globalStorage\vexrobotics.vexcode\sdk\cpp\V5\V5_20220726_10_00_00/vexv5\libv5rt.a(v5_apijump.c.obj)
                0x038032ec                vexSystemStdlibImpureDataAddr
 .text.vexSystemStdlibImpureDataSize
                0x03803314       0x28 c:\Users\woodc\AppData\Roaming\Code\User\globalStorage\vexrobotics.vexcode\sdk\cpp\V5\V5_20220726_10_00_00/vexv5\libv5rt.a(v5_apijump.c.obj)
                0x03803314                vexSystemStdlibImpureDataSize
 .text.vexSystemSaveUserData
                0x0380333c       0x3c c:\Users\woodc\AppData\Roaming\Code\User\globalStorage\vexrobotics.vexcode\sdk\cpp\V5\V5_20220726_10_00_00/vexv5\libv5rt.a(v5_apijump.c.obj)
                0x0380333c                vexSystemSaveUserData
 .text.vexDisplayThemeIdGet
                0x03803378       0x38 c:\Users\woodc\AppData\Roaming\Code\User\globalStorage\vexrobotics.vexcode\sdk\cpp\V5\V5_20220726_10_00_00/vexv5\libv5rt.a(v5_apijump.c.obj)
                0x03803378                vexDisplayThemeIdGet
 .text.vexDeviceEventMaskSet
                0x038033b0       0x48 c:\Users\woodc\AppData\Roaming\Code\User\globalStorage\vexrobotics.vexcode\sdk\cpp\V5\V5_20220726_10_00_00/vexv5\libv5rt.a(v5_apijump.c.obj)
                0x038033b0                vexDeviceEventMaskSet
 .text.vexDeviceEventMaskGet
                0x038033f8       0x3c c:\Users\woodc\AppData\Roaming\Code\User\globalStorage\vexrobotics.vexcode\sdk\cpp\V5\V5_20220726_10_00_00/vexv5\libv5rt.a(v5_apijump.c.obj)
                0x038033f8                vexDeviceEventMaskGet
 .text.vexSystemVersion
                0x03803434       0x10 c:\Users\woodc\AppData\Roaming\Code\User\globalStorage\vexrobotics.vexcode\sdk\cpp\V5\V5_20220726_10_00_00/vexv5\libv5rt.a(v5_apiversions.c.obj)
                0x03803434                vexSystemVersion
 .text.vexStdlibVersion
                0x03803444       0x10 c:\Users\woodc\AppData\Roaming\Code\User\globalStorage\vexrobotics.vexcode\sdk\cpp\V5\V5_20220726_10_00_00/vexv5\libv5rt.a(v5_apiversions.c.obj)
                0x03803444                vexStdlibVersion
 .text._ZN3vex6deviceD2Ev
                0x03803454        0x4 c:\Users\woodc\AppData\Roaming\Code\User\globalStorage\vexrobotics.vexcode\sdk\cpp\V5\V5_20220726_10_00_00/vexv5\libv5rt.a(vex_device.cpp.obj)
                0x03803454                vex::device::~device()
                0x03803454                vex::device::~device()
 .text._ZN3vex6device5valueEv
                0x03803458        0x8 c:\Users\woodc\AppData\Roaming\Code\User\globalStorage\vexrobotics.vexcode\sdk\cpp\V5\V5_20220726_10_00_00/vexv5\libv5rt.a(vex_device.cpp.obj)
                0x03803458                vex::device::value()
 .text._ZN3vex6deviceD0Ev
                0x03803460       0x14 c:\Users\woodc\AppData\Roaming\Code\User\globalStorage\vexrobotics.vexcode\sdk\cpp\V5\V5_20220726_10_00_00/vexv5\libv5rt.a(vex_device.cpp.obj)
                0x03803460                vex::device::~device()
 .text._ZN3vex6device4initEl
                0x03803474       0x30 c:\Users\woodc\AppData\Roaming\Code\User\globalStorage\vexrobotics.vexcode\sdk\cpp\V5\V5_20220726_10_00_00/vexv5\libv5rt.a(vex_device.cpp.obj)
                0x03803474                vex::device::init(long)
 .text._ZN3vex6deviceC2El
                0x038034a4       0x20 c:\Users\woodc\AppData\Roaming\Code\User\globalStorage\vexrobotics.vexcode\sdk\cpp\V5\V5_20220726_10_00_00/vexv5\libv5rt.a(vex_device.cpp.obj)
                0x038034a4                vex::device::device(long)
                0x038034a4                vex::device::device(long)
 .text._ZN3vex6device4typeEv
                0x038034c4       0x10 c:\Users\woodc\AppData\Roaming\Code\User\globalStorage\vexrobotics.vexcode\sdk\cpp\V5\V5_20220726_10_00_00/vexv5\libv5rt.a(vex_device.cpp.obj)
                0x038034c4                vex::device::type()
 .text._ZN3vex6device9installedEv
                0x038034d4       0x14 c:\Users\woodc\AppData\Roaming\Code\User\globalStorage\vexrobotics.vexcode\sdk\cpp\V5\V5_20220726_10_00_00/vexv5\libv5rt.a(vex_device.cpp.obj)
                0x038034d4                vex::device::installed()
 .text._ZN3vex4task5sleepEm
                0x038034e8        0x4 c:\Users\woodc\AppData\Roaming\Code\User\globalStorage\vexrobotics.vexcode\sdk\cpp\V5\V5_20220726_10_00_00/vexv5\libv5rt.a(vex_task.cpp.obj)
                0x038034e8                vex::task::sleep(unsigned long)
 .text._ZN3vex6threadC2EPFivE
                0x038034ec       0x5c c:\Users\woodc\AppData\Roaming\Code\User\globalStorage\vexrobotics.vexcode\sdk\cpp\V5\V5_20220726_10_00_00/vexv5\libv5rt.a(vex_thread.cpp.obj)
                0x038034ec                vex::thread::thread(int (*)())
                0x038034ec                vex::thread::thread(int (*)())
 .text._ZN3vex6threadD2Ev
                0x03803548        0x4 c:\Users\woodc\AppData\Roaming\Code\User\globalStorage\vexrobotics.vexcode\sdk\cpp\V5\V5_20220726_10_00_00/vexv5\libv5rt.a(vex_thread.cpp.obj)
                0x03803548                vex::thread::~thread()
                0x03803548                vex::thread::~thread()
 .text._ZN3vex5event4initEmmPFvvE
                0x0380354c        0x4 c:\Users\woodc\AppData\Roaming\Code\User\globalStorage\vexrobotics.vexcode\sdk\cpp\V5\V5_20220726_10_00_00/vexv5\libv5rt.a(vex_event.cpp.obj)
                0x0380354c                vex::event::init(unsigned long, unsigned long, void (*)())
 .text._ZN3vex5event9userindexEv
                0x03803550        0x4 c:\Users\woodc\AppData\Roaming\Code\User\globalStorage\vexrobotics.vexcode\sdk\cpp\V5\V5_20220726_10_00_00/vexv5\libv5rt.a(vex_event.cpp.obj)
                0x03803550                vex::event::userindex()
 .text._ZZN3vex6meventC4EmmENUlvE_4_FUNEv
                0x03803554        0x4 c:\Users\woodc\AppData\Roaming\Code\User\globalStorage\vexrobotics.vexcode\sdk\cpp\V5\V5_20220726_10_00_00/vexv5\libv5rt.a(vex_mevent.cpp.obj)
 .text._ZN3vex6meventC2Emm
                0x03803558       0x70 c:\Users\woodc\AppData\Roaming\Code\User\globalStorage\vexrobotics.vexcode\sdk\cpp\V5\V5_20220726_10_00_00/vexv5\libv5rt.a(vex_mevent.cpp.obj)
                0x03803558                vex::mevent::mevent(unsigned long, unsigned long)
                0x03803558                vex::mevent::mevent(unsigned long, unsigned long)
 .text._ZN3vex5brain9_getIndexEv
                0x038035c8       0x10 c:\Users\woodc\AppData\Roaming\Code\User\globalStorage\vexrobotics.vexcode\sdk\cpp\V5\V5_20220726_10_00_00/vexv5\libv5rt.a(vex_brain.cpp.obj)
                0x038035c8                vex::brain::_getIndex()
 .text._ZN3vex5brain3lcd9setCursorEll
                0x038035d8       0x44 c:\Users\woodc\AppData\Roaming\Code\User\globalStorage\vexrobotics.vexcode\sdk\cpp\V5\V5_20220726_10_00_00/vexv5\libv5rt.a(vex_brain.cpp.obj)
                0x038035d8                vex::brain::lcd::setCursor(long, long)
 .text._ZN3vex5brain3lcd7setFontENS_8fontTypeE
                0x0380361c      0x23c c:\Users\woodc\AppData\Roaming\Code\User\globalStorage\vexrobotics.vexcode\sdk\cpp\V5\V5_20220726_10_00_00/vexv5\libv5rt.a(vex_brain.cpp.obj)
                0x0380361c                vex::brain::lcd::setFont(vex::fontType)
 .text._ZN3vex5brain3lcdC2Ev
                0x03803858       0x94 c:\Users\woodc\AppData\Roaming\Code\User\globalStorage\vexrobotics.vexcode\sdk\cpp\V5\V5_20220726_10_00_00/vexv5\libv5rt.a(vex_brain.cpp.obj)
                0x03803858                vex::brain::lcd::lcd()
                0x03803858                vex::brain::lcd::lcd()
 .text._ZN3vex5brainC2Ev
                0x038038ec       0x3c c:\Users\woodc\AppData\Roaming\Code\User\globalStorage\vexrobotics.vexcode\sdk\cpp\V5\V5_20220726_10_00_00/vexv5\libv5rt.a(vex_brain.cpp.obj)
                0x038038ec                vex::brain::brain()
                0x038038ec                vex::brain::brain()
 .text._ZN3vex5brainD2Ev
                0x03803928       0x20 c:\Users\woodc\AppData\Roaming\Code\User\globalStorage\vexrobotics.vexcode\sdk\cpp\V5\V5_20220726_10_00_00/vexv5\libv5rt.a(vex_brain.cpp.obj)
                0x03803928                vex::brain::~brain()
                0x03803928                vex::brain::~brain()
 .text._ZN3vex7triportD2Ev
                0x03803948       0x38 c:\Users\woodc\AppData\Roaming\Code\User\globalStorage\vexrobotics.vexcode\sdk\cpp\V5\V5_20220726_10_00_00/vexv5\libv5rt.a(vex_triport.cpp.obj)
                0x03803948                vex::triport::~triport()
                0x03803948                vex::triport::~triport()
 .text._ZN3vex7triportD0Ev
                0x03803980       0x1c c:\Users\woodc\AppData\Roaming\Code\User\globalStorage\vexrobotics.vexcode\sdk\cpp\V5\V5_20220726_10_00_00/vexv5\libv5rt.a(vex_triport.cpp.obj)
                0x03803980                vex::triport::~triport()
 .text._ZN3vex7triport9installedEv
                0x0380399c       0x18 c:\Users\woodc\AppData\Roaming\Code\User\globalStorage\vexrobotics.vexcode\sdk\cpp\V5\V5_20220726_10_00_00/vexv5\libv5rt.a(vex_triport.cpp.obj)
                0x0380399c                vex::triport::installed()
 .text._ZN3vex7triport4portC2ElPS0_
                0x038039b4       0x74 c:\Users\woodc\AppData\Roaming\Code\User\globalStorage\vexrobotics.vexcode\sdk\cpp\V5\V5_20220726_10_00_00/vexv5\libv5rt.a(vex_triport.cpp.obj)
                0x038039b4                vex::triport::port::port(long, vex::triport*)
                0x038039b4                vex::triport::port::port(long, vex::triport*)
 .text._ZN3vex7triportC2El
                0x03803a28       0xf0 c:\Users\woodc\AppData\Roaming\Code\User\globalStorage\vexrobotics.vexcode\sdk\cpp\V5\V5_20220726_10_00_00/vexv5\libv5rt.a(vex_triport.cpp.obj)
                0x03803a28                vex::triport::triport(long)
                0x03803a28                vex::triport::triport(long)
 .text._ZN3vex7triport4port5valueEv
                0x03803b18       0x14 c:\Users\woodc\AppData\Roaming\Code\User\globalStorage\vexrobotics.vexcode\sdk\cpp\V5\V5_20220726_10_00_00/vexv5\libv5rt.a(vex_triport.cpp.obj)
                0x03803b18                vex::triport::port::value()
 .text._ZN3vex7triport4port14_convertAnalogENS_11analogUnitsE
                0x03803b2c       0x58 c:\Users\woodc\AppData\Roaming\Code\User\globalStorage\vexrobotics.vexcode\sdk\cpp\V5\V5_20220726_10_00_00/vexv5\libv5rt.a(vex_triport.cpp.obj)
                0x03803b2c                vex::triport::port::_convertAnalog(vex::analogUnits)
 .text._ZN3vex11__tridevice14_convertAnalogENS_11analogUnitsE
                0x03803b84        0x8 c:\Users\woodc\AppData\Roaming\Code\User\globalStorage\vexrobotics.vexcode\sdk\cpp\V5\V5_20220726_10_00_00/vexv5\libv5rt.a(vex_triport.cpp.obj)
                0x03803b84                vex::__tridevice::_convertAnalog(vex::analogUnits)
 .text._ZN3vex4line12reflectivityENS_12percentUnitsE
                0x03803b8c       0x30 c:\Users\woodc\AppData\Roaming\Code\User\globalStorage\vexrobotics.vexcode\sdk\cpp\V5\V5_20220726_10_00_00/vexv5\libv5rt.a(vex_triport.cpp.obj)
                0x03803b8c                vex::line::reflectivity(vex::percentUnits)
 .text._ZN3vex5colorD2Ev
                0x03803bbc        0x4 c:\Users\woodc\AppData\Roaming\Code\User\globalStorage\vexrobotics.vexcode\sdk\cpp\V5\V5_20220726_10_00_00/vexv5\libv5rt.a(vex_color.cpp.obj)
                0x03803bbc                vex::color::~color()
                0x03803bbc                vex::color::~color()
 .text._ZN3vex5colorC2Ehhh
                0x03803bc0       0x1c c:\Users\woodc\AppData\Roaming\Code\User\globalStorage\vexrobotics.vexcode\sdk\cpp\V5\V5_20220726_10_00_00/vexv5\libv5rt.a(vex_color.cpp.obj)
                0x03803bc0                vex::color::color(unsigned char, unsigned char, unsigned char)
                0x03803bc0                vex::color::color(unsigned char, unsigned char, unsigned char)
 .text._ZNK3vex5color3rgbEv
                0x03803bdc        0x8 c:\Users\woodc\AppData\Roaming\Code\User\globalStorage\vexrobotics.vexcode\sdk\cpp\V5\V5_20220726_10_00_00/vexv5\libv5rt.a(vex_color.cpp.obj)
                0x03803bdc                vex::color::rgb() const
 .text._ZN3vex5coloraSEm
                0x03803be4        0x8 c:\Users\woodc\AppData\Roaming\Code\User\globalStorage\vexrobotics.vexcode\sdk\cpp\V5\V5_20220726_10_00_00/vexv5\libv5rt.a(vex_color.cpp.obj)
                0x03803be4                vex::color::operator=(unsigned long)
 .text.startup._GLOBAL__sub_I__ZN3vex5color5blackE
                0x03803bec      0x164 c:\Users\woodc\AppData\Roaming\Code\User\globalStorage\vexrobotics.vexcode\sdk\cpp\V5\V5_20220726_10_00_00/vexv5\libv5rt.a(vex_color.cpp.obj)
 .text._ZN3vex5timerD2Ev
                0x03803d50        0x4 c:\Users\woodc\AppData\Roaming\Code\User\globalStorage\vexrobotics.vexcode\sdk\cpp\V5\V5_20220726_10_00_00/vexv5\libv5rt.a(vex_timer.cpp.obj)
                0x03803d50                vex::timer::~timer()
                0x03803d50                vex::timer::~timer()
 .text._ZN3vex5timer5clearEv
                0x03803d54       0x1c c:\Users\woodc\AppData\Roaming\Code\User\globalStorage\vexrobotics.vexcode\sdk\cpp\V5\V5_20220726_10_00_00/vexv5\libv5rt.a(vex_timer.cpp.obj)
                0x03803d54                vex::timer::clear()
 .text._ZN3vex5timerC2Ev
                0x03803d70       0x14 c:\Users\woodc\AppData\Roaming\Code\User\globalStorage\vexrobotics.vexcode\sdk\cpp\V5\V5_20220726_10_00_00/vexv5\libv5rt.a(vex_timer.cpp.obj)
                0x03803d70                vex::timer::timer()
                0x03803d70                vex::timer::timer()
 .text.vexAdiValueGet
                0x03803d84       0x20 c:\Users\woodc\AppData\Roaming\Code\User\globalStorage\vexrobotics.vexcode\sdk\cpp\V5\V5_20220726_10_00_00/vexv5\libv5rt.a(v5_apiuser.c.obj)
                0x03803d84                vexAdiValueGet
 .text.vexEventMaskSet
                0x03803da4       0x28 c:\Users\woodc\AppData\Roaming\Code\User\globalStorage\vexrobotics.vexcode\sdk\cpp\V5\V5_20220726_10_00_00/vexv5\libv5rt.a(v5_apiuser.c.obj)
                0x03803da4                vexEventMaskSet
 .text.vexEventMaskGet
                0x03803dcc       0x18 c:\Users\woodc\AppData\Roaming\Code\User\globalStorage\vexrobotics.vexcode\sdk\cpp\V5\V5_20220726_10_00_00/vexv5\libv5rt.a(v5_apiuser.c.obj)
                0x03803dcc                vexEventMaskGet
 .text.__libc_fini_array
                0x03803de4       0x30 c:\Users\woodc\AppData\Roaming\Code\User\globalStorage\vexrobotics.vexcode\sdk\cpp\V5\V5_20220726_10_00_00/vexv5/gcc/libs\libc.a(lib_a-fini.o)
                0x03803de4                __libc_fini_array
 .text.__libc_init_array
                0x03803e14       0x58 c:\Users\woodc\AppData\Roaming\Code\User\globalStorage\vexrobotics.vexcode\sdk\cpp\V5\V5_20220726_10_00_00/vexv5/gcc/libs\libc.a(lib_a-init.o)
                0x03803e14                __libc_init_array
 .text.malloc   0x03803e6c       0x10 c:\Users\woodc\AppData\Roaming\Code\User\globalStorage\vexrobotics.vexcode\sdk\cpp\V5\V5_20220726_10_00_00/vexv5/gcc/libs\libc.a(lib_a-malloc.o)
                0x03803e6c                malloc
 .text._malloc_r
                0x03803e7c      0x5a4 c:\Users\woodc\AppData\Roaming\Code\User\globalStorage\vexrobotics.vexcode\sdk\cpp\V5\V5_20220726_10_00_00/vexv5/gcc/libs\libc.a(lib_a-mallocr.o)
                0x03803e7c                _malloc_r
 .text.__malloc_lock
                0x03804420        0x4 c:\Users\woodc\AppData\Roaming\Code\User\globalStorage\vexrobotics.vexcode\sdk\cpp\V5\V5_20220726_10_00_00/vexv5/gcc/libs\libc.a(lib_a-mlock.o)
                0x03804420                __malloc_lock
 .text.__malloc_unlock
                0x03804424        0x4 c:\Users\woodc\AppData\Roaming\Code\User\globalStorage\vexrobotics.vexcode\sdk\cpp\V5\V5_20220726_10_00_00/vexv5/gcc/libs\libc.a(lib_a-mlock.o)
                0x03804424                __malloc_unlock
 .text._sbrk_r  0x03804428       0x28 c:\Users\woodc\AppData\Roaming\Code\User\globalStorage\vexrobotics.vexcode\sdk\cpp\V5\V5_20220726_10_00_00/vexv5/gcc/libs\libc.a(lib_a-sbrkr.o)
                0x03804428                _sbrk_r
 .text._malloc_trim_r
                0x03804450       0xa8 c:\Users\woodc\AppData\Roaming\Code\User\globalStorage\vexrobotics.vexcode\sdk\cpp\V5\V5_20220726_10_00_00/vexv5/gcc/libs\libc.a(lib_a-freer.o)
                0x03804450                _malloc_trim_r
 .text._free_r  0x038044f8      0x1b4 c:\Users\woodc\AppData\Roaming\Code\User\globalStorage\vexrobotics.vexcode\sdk\cpp\V5\V5_20220726_10_00_00/vexv5/gcc/libs\libc.a(lib_a-freer.o)
                0x038044f8                _free_r
 *fill*         0x038046ac        0x4 
 .text._free_r.__stub
                0x038046b0       0x20 linker stubs
 *(.gnu.linkonce.t.*)
 *(.plt)
 *(.gnu_warning)
 *(.gcc_except_table)
 *(.glue_7)
 .glue_7        0x00000000        0x0 linker stubs
 *(.glue_7t)
 .glue_7t       0x00000000        0x0 linker stubs
 *(.vfp11_veneer)
 .vfp11_veneer  0x00000000        0x0 linker stubs
 *(.ARM.extab)
 *(.gnu.linkonce.armextab.*)

.v4_bx          0x038046d0        0x0
 .v4_bx         0x00000000        0x0 linker stubs

.iplt           0x038046d0        0x0
 .iplt          0x00000000        0x0 build/src/ButtonLatch.o

.init
 *(.init)

.fini
 *(.fini)

.rodata         0x038046d0      0x30c
                0x038046d0                __rodata_start = .
 *(.rodata)
 *(.rodata.*)
 .rodata.str1.1
                0x038046d0       0x16 build/src/main.o
 .rodata.str1.1
                0x038046e6       0x5c build/src/connection.o
 .rodata.str1.1
                0x03804742       0x20 build/src/BuildAll.o
                                 0x4b (size before relaxing)
 .rodata.str1.1
                0x03804762       0x18 build/src/AutonInit/Init.o
                                 0x5e (size before relaxing)
 .rodata.str1.1
                0x0380477a       0x5e build/src/BrainOS/VariableConfig.o
                                 0x7b (size before relaxing)
 .rodata.str1.1
                0x038047d8      0x10d build/src/Sensors/PotDial.o
                                0x14e (size before relaxing)
 .rodata.str1.1
                0x038048e5       0x4d build/src/Sensors/LineCounter.o
                                 0x8c (size before relaxing)
 .rodata.str1.1
                0x03804932       0x2e c:\Users\woodc\AppData\Roaming\Code\User\globalStorage\vexrobotics.vexcode\sdk\cpp\V5\V5_20220726_10_00_00/vexv5\libv5rt.a(v5_startup.c.obj)
 .rodata._ZN3vex6PORT22E
                0x03804960        0x4 c:\Users\woodc\AppData\Roaming\Code\User\globalStorage\vexrobotics.vexcode\sdk\cpp\V5\V5_20220726_10_00_00/vexv5\libv5rt.a(vex_global.cpp.obj)
                0x03804960                vex::PORT22
 *fill*         0x03804964        0x4 
 .rodata._ZTVN3vex6deviceE
                0x03804968       0x18 c:\Users\woodc\AppData\Roaming\Code\User\globalStorage\vexrobotics.vexcode\sdk\cpp\V5\V5_20220726_10_00_00/vexv5\libv5rt.a(vex_device.cpp.obj)
                0x03804968                vtable for vex::device
 .rodata.str1.1
                0x03804980       0x14 c:\Users\woodc\AppData\Roaming\Code\User\globalStorage\vexrobotics.vexcode\sdk\cpp\V5\V5_20220726_10_00_00/vexv5\libv5rt.a(vex_thread.cpp.obj)
 .rodata.str1.1
                0x03804994       0x2b c:\Users\woodc\AppData\Roaming\Code\User\globalStorage\vexrobotics.vexcode\sdk\cpp\V5\V5_20220726_10_00_00/vexv5\libv5rt.a(vex_brain.cpp.obj)
                                 0x2d (size before relaxing)
 *fill*         0x038049bf        0x1 
 .rodata._ZTVN3vex7triportE
                0x038049c0       0x18 c:\Users\woodc\AppData\Roaming\Code\User\globalStorage\vexrobotics.vexcode\sdk\cpp\V5\V5_20220726_10_00_00/vexv5\libv5rt.a(vex_triport.cpp.obj)
                0x038049c0                vtable for vex::triport
 .rodata.str1.4
                0x038049d8        0x4 c:\Users\woodc\AppData\Roaming\Code\User\globalStorage\vexrobotics.vexcode\sdk\cpp\V5\V5_20220726_10_00_00/vexv5/gcc/libs\libc.a(lib_a-impure.o)
                                  0x2 (size before relaxing)
 *(.gnu.linkonce.r.*)
                0x038049dc                __rodata_end = .

.rodata1        0x038049dc        0x0
                0x038049dc                __rodata1_start = .
 *(.rodata1)
 *(.rodata1.*)
                0x038049dc                __rodata1_end = .

.sdata2         0x038049dc        0x0
                0x038049dc                __sdata2_start = .
 *(.sdata2)
 *(.sdata2.*)
 *(.gnu.linkonce.s2.*)
                0x038049dc                __sdata2_end = .

.sbss2          0x038049dc        0x0
                0x038049dc                __sbss2_start = .
 *(.sbss2)
 *(.sbss2.*)
 *(.gnu.linkonce.sb2.*)
                0x038049dc                __sbss2_end = .

.data           0x038049e0      0x844
                0x038049e0                __data_start = .
 *(.data)
 *(.data.*)
 .data.appRunning
                0x038049e0        0x4 c:\Users\woodc\AppData\Roaming\Code\User\globalStorage\vexrobotics.vexcode\sdk\cpp\V5\V5_20220726_10_00_00/vexv5\libv5rt.a(v5_startup.c.obj)
                0x038049e0                appRunning
 *fill*         0x038049e4        0x4 
 .data.impure_data
                0x038049e8      0x428 c:\Users\woodc\AppData\Roaming\Code\User\globalStorage\vexrobotics.vexcode\sdk\cpp\V5\V5_20220726_10_00_00/vexv5/gcc/libs\libc.a(lib_a-impure.o)
 .data._impure_ptr
                0x03804e10        0x4 c:\Users\woodc\AppData\Roaming\Code\User\globalStorage\vexrobotics.vexcode\sdk\cpp\V5\V5_20220726_10_00_00/vexv5/gcc/libs\libc.a(lib_a-impure.o)
                0x03804e10                _impure_ptr
 .data.__malloc_av_
                0x03804e14      0x408 c:\Users\woodc\AppData\Roaming\Code\User\globalStorage\vexrobotics.vexcode\sdk\cpp\V5\V5_20220726_10_00_00/vexv5/gcc/libs\libc.a(lib_a-mallocr.o)
                0x03804e14                __malloc_av_
 .data.__malloc_trim_threshold
                0x0380521c        0x4 c:\Users\woodc\AppData\Roaming\Code\User\globalStorage\vexrobotics.vexcode\sdk\cpp\V5\V5_20220726_10_00_00/vexv5/gcc/libs\libc.a(lib_a-mallocr.o)
                0x0380521c                __malloc_trim_threshold
 .data.__malloc_sbrk_base
                0x03805220        0x4 c:\Users\woodc\AppData\Roaming\Code\User\globalStorage\vexrobotics.vexcode\sdk\cpp\V5\V5_20220726_10_00_00/vexv5/gcc/libs\libc.a(lib_a-mallocr.o)
                0x03805220                __malloc_sbrk_base
 *(.gnu.linkonce.d.*)
 *(.jcr)
 *(.got)
 *(.got.plt)
                0x03805224                __data_end = .

.igot.plt       0x03805224        0x0
 .igot.plt      0x00000000        0x0 build/src/ButtonLatch.o

.data1          0x03805224        0x0
                0x03805224                __data1_start = .
 *(.data1)
 *(.data1.*)
                0x03805224                __data1_end = .

.got
 *(.got)

.ctors          0x03805224        0x0
                0x03805224                __CTOR_LIST__ = .
                0x03805224                ___CTORS_LIST___ = .
 *crtbegin.o(.ctors)
 *(EXCLUDE_FILE(*crtend.o) .ctors)
 *(SORT(.ctors.*))
 *(.ctors)
                0x03805224                __CTOR_END__ = .
                0x03805224                ___CTORS_END___ = .

.dtors          0x03805224        0x0
                0x03805224                __DTOR_LIST__ = .
                0x03805224                ___DTORS_LIST___ = .
 *crtbegin.o(.dtors)
 *(EXCLUDE_FILE(*crtend.o) .dtors)
 *(SORT(.dtors.*))
 *(.dtors)
                0x03805224                __DTOR_END__ = .
                0x03805224                ___DTORS_END___ = .

.fixup          0x03805224        0x0
                0x03805224                __fixup_start = .
 *(.fixup)
                0x03805224                __fixup_end = .

.eh_frame
 *(.eh_frame)

.eh_framehdr    0x03805224        0x0
                0x03805224                __eh_framehdr_start = .
 *(.eh_framehdr)
                0x03805224                __eh_framehdr_end = .

.gcc_except_table
 *(.gcc_except_table)

.mmu_tbl        0x03808000        0x0
                0x03808000                __mmu_tbl_start = .
 *(.mmu_tbl)
                0x03808000                __mmu_tbl_end = .

.ARM.exidx      0x03805224        0x8
                0x03805224                __exidx_start = .
 *(.ARM.exidx*)
 .ARM.exidx.text._ZNSt3mapIPN3vex5motorESt6vectorIP10MotorGroupSaIS5_EESt4lessIS2_ESaISt4pairIKS2_S7_EEED2Ev
                0x03805224        0x8 build/src/ButtonLatch.o
 .ARM.exidx.text._ZNSt8_Rb_treeIPN3vex5motorESt4pairIKS2_St6vectorIP10MotorGroupSaIS7_EEESt10_Select1stISA_ESt4lessIS2_ESaISA_EE8_M_eraseEPSt13_Rb_tree_nodeISA_E
                0x0380522c        0x0 build/src/ButtonLatch.o
                                  0x8 (size before relaxing)
 .ARM.exidx.text._GLOBAL__sub_I_ButtonLatch.cpp
                0x0380522c        0x0 build/src/ButtonLatch.o
                                  0x8 (size before relaxing)
 .ARM.exidx.text.main
                0x0380522c        0x0 build/src/main.o
                                  0x8 (size before relaxing)
 .ARM.exidx.text._GLOBAL__sub_I_main.cpp
                0x0380522c        0x0 build/src/main.o
                                  0x8 (size before relaxing)
 .ARM.exidx.text._GLOBAL__sub_I_Filters.cpp
                0x0380522c        0x0 build/src/Filters.o
                                  0x8 (size before relaxing)
 .ARM.exidx.text._GLOBAL__sub_I_DriveController.cpp
                0x0380522c        0x0 build/src/DriveController.o
                                  0x8 (size before relaxing)
 .ARM.exidx.text._ZNSt14_Function_baseD2Ev
                0x0380522c        0x0 build/src/connection.o
                                  0x8 (size before relaxing)
 .ARM.exidx.text._ZNSt6vectorIP7PotDialSaIS1_EED2Ev
                0x0380522c        0x0 build/src/connection.o
                                  0x8 (size before relaxing)
 .ARM.exidx.text._ZNSt3mapISt6vectorIiSaIiEESt8functionIFvvEESt4lessIS2_ESaISt4pairIKS2_S5_EEED2Ev
                0x0380522c        0x0 build/src/connection.o
                                  0x8 (size before relaxing)
 .ARM.exidx.text._ZNSt6vectorIP11LineCounterSaIS1_EED2Ev
                0x0380522c        0x0 build/src/connection.o
                                  0x8 (size before relaxing)
 .ARM.exidx.text._ZNSt6vectorISt5tupleIJSsPN3vex6deviceEbbEESaIS4_EED2Ev
                0x0380522c        0x0 build/src/connection.o
                                  0x8 (size before relaxing)
 .ARM.exidx.text._ZNSt8_Rb_treeISt6vectorIiSaIiEESt4pairIKS2_St8functionIFvvEEESt10_Select1stIS8_ESt4lessIS2_ESaIS8_EE8_M_eraseEPSt13_Rb_tree_nodeIS8_E
                0x0380522c        0x0 build/src/connection.o
                                  0x8 (size before relaxing)
 .ARM.exidx.text._ZNSt17_Function_handlerIFvvEN11SelectorArr3$_0EE9_M_invokeERKSt9_Any_data
                0x0380522c        0x0 build/src/connection.o
                                  0x8 (size before relaxing)
 .ARM.exidx.text._ZNSt14_Function_base13_Base_managerIN11SelectorArr3$_0EE10_M_managerERSt9_Any_dataRKS4_St18_Manager_operation
                0x0380522c        0x0 build/src/connection.o
                                  0x8 (size before relaxing)
 .ARM.exidx.text._GLOBAL__sub_I_connection.cpp
                0x0380522c        0x0 build/src/connection.o
                                  0x8 (size before relaxing)
 .ARM.exidx.text._GLOBAL__sub_I_vex.cpp
                0x0380522c        0x0 build/src/vex.o
                                  0x8 (size before relaxing)
 .ARM.exidx.text._Z1si
                0x0380522c        0x0 build/src/BuildAll.o
                                  0x8 (size before relaxing)
 .ARM.exidx.text._ZN15BasicLinkedListIP14VariableConfigS1_S1_S0_ED2Ev
                0x0380522c        0x0 build/src/BuildAll.o
                                  0x8 (size before relaxing)
 .ARM.exidx.text._ZNSt6vectorIP5AutonSaIS1_EED2Ev
                0x0380522c        0x0 build/src/BuildAll.o
                                  0x8 (size before relaxing)
 .ARM.exidx.text._ZNSt6vectorIP6ButtonSaIS1_EED2Ev
                0x0380522c        0x0 build/src/BuildAll.o
                                  0x8 (size before relaxing)
 .ARM.exidx.text._ZNSt6vectorISsSaISsEED2Ev
                0x0380522c        0x0 build/src/BuildAll.o
                                  0x8 (size before relaxing)
 .ARM.exidx.text._ZN14VariableConfigD2Ev
                0x0380522c        0x0 build/src/BuildAll.o
                                  0x8 (size before relaxing)
 .ARM.exidx.text._ZN15BasicLinkedListI5BosFnRS0_PS0_S0_ED2Ev
                0x0380522c        0x0 build/src/BuildAll.o
                                  0x8 (size before relaxing)
 .ARM.exidx.text._ZN15BasicLinkedListIP14VariableConfigS1_S1_S0_E10destructorEv
                0x0380522c        0x0 build/src/BuildAll.o
                                  0x8 (size before relaxing)
 .ARM.exidx.text._ZN15BasicLinkedListIP14VariableConfigS1_S1_S0_E7popBaseEv
                0x0380522c        0x0 build/src/BuildAll.o
                                  0x8 (size before relaxing)
 .ARM.exidx.text._ZN15BasicLinkedListI5BosFnRS0_PS0_S0_E10destructorEv
                0x0380522c        0x0 build/src/BuildAll.o
                                  0x8 (size before relaxing)
 .ARM.exidx.text._ZN15BasicLinkedListI5BosFnRS0_PS0_S0_E7popBaseEv
                0x0380522c        0x0 build/src/BuildAll.o
                                  0x8 (size before relaxing)
 .ARM.exidx.text._ZNSt17_Function_handlerIFvvEN11SelectorArr3$_0EE9_M_invokeERKSt9_Any_data
                0x0380522c        0x0 build/src/BuildAll.o
                                  0x8 (size before relaxing)
 .ARM.exidx.text._ZNSt14_Function_base13_Base_managerIN11SelectorArr3$_0EE10_M_managerERSt9_Any_dataRKS4_St18_Manager_operation
                0x0380522c        0x0 build/src/BuildAll.o
                                  0x8 (size before relaxing)
 .ARM.exidx.text._ZNSt17_Function_handlerIFviEPS0_E9_M_invokeERKSt9_Any_datai
                0x0380522c        0x0 build/src/BuildAll.o
                                  0x8 (size before relaxing)
 .ARM.exidx.text._ZNSt14_Function_base13_Base_managerIPFviEE10_M_managerERSt9_Any_dataRKS4_St18_Manager_operation
                0x0380522c        0x0 build/src/BuildAll.o
                                  0x8 (size before relaxing)
 .ARM.exidx.text._GLOBAL__sub_I_BuildAll.cpp
                0x0380522c        0x0 build/src/BuildAll.o
                                  0x8 (size before relaxing)
 .ARM.exidx.text._ZN5Auton14configCallbackEi
                0x0380522c        0x0 build/src/AutonInit/Init.o
                                  0x8 (size before relaxing)
 .ARM.exidx.text._ZNSt17_Function_handlerIFvvEN11SelectorArr3$_0EE9_M_invokeERKSt9_Any_data
                0x0380522c        0x0 build/src/AutonInit/Init.o
                                  0x8 (size before relaxing)
 .ARM.exidx.text._ZNSt14_Function_base13_Base_managerIN11SelectorArr3$_0EE10_M_managerERSt9_Any_dataRKS4_St18_Manager_operation
                0x0380522c        0x0 build/src/AutonInit/Init.o
                                  0x8 (size before relaxing)
 .ARM.exidx.text._GLOBAL__sub_I_Init.cpp
                0x0380522c        0x0 build/src/AutonInit/Init.o
                                  0x8 (size before relaxing)
 .ARM.exidx.text._GLOBAL__sub_I_ConnectionTest.cpp
                0x0380522c        0x0 build/src/BrainOS/ConnectionTest.o
                                  0x8 (size before relaxing)
 .ARM.exidx.text._ZNSt6vectorI10lv_point_tSaIS0_EEC2ESt16initializer_listIS0_ERKS1_
                0x0380522c        0x0 build/src/BrainOS/BotTracker.o
                                  0x8 (size before relaxing)
 .ARM.exidx.text._ZNSt6vectorI10lv_point_tSaIS0_EED2Ev
                0x0380522c        0x0 build/src/BrainOS/BotTracker.o
                                  0x8 (size before relaxing)
 .ARM.exidx.text._ZNSt12_Vector_baseI10lv_point_tSaIS0_EE11_M_allocateEj
                0x0380522c        0x0 build/src/BrainOS/BotTracker.o
                                  0x8 (size before relaxing)
 .ARM.exidx.text._GLOBAL__sub_I_BotTracker.cpp
                0x0380522c        0x0 build/src/BrainOS/BotTracker.o
                                  0x8 (size before relaxing)
 .ARM.exidx.text._ZN6ButtonC2ERN3vex5brainEiiiiNS0_5colorES3_Ssii
                0x0380522c        0x0 build/src/BrainOS/VariableConfig.o
                                  0x8 (size before relaxing)
 .ARM.exidx.text._ZN6ButtonD2Ev
                0x0380522c        0x0 build/src/BrainOS/VariableConfig.o
                                  0x8 (size before relaxing)
 .ARM.exidx.text._ZN14VariableConfigC2ESt6vectorISsSaISsEESs
                0x0380522c        0x0 build/src/BrainOS/VariableConfig.o
                                  0x8 (size before relaxing)
 .ARM.exidx.text._ZNSt6vectorISsSaISsEEaSERKS1_
                0x0380522c        0x0 build/src/BrainOS/VariableConfig.o
                                  0x8 (size before relaxing)
 .ARM.exidx.text._ZN14VariableConfigC2ESt6vectorISsSaISsEESsSt8functionIFviEE
                0x0380522c        0x0 build/src/BrainOS/VariableConfig.o
                                  0x8 (size before relaxing)
 .ARM.exidx.text._ZNSt6vectorISsSaISsEEC2ERKS1_
                0x0380522c        0x0 build/src/BrainOS/VariableConfig.o
                                  0x8 (size before relaxing)
 .ARM.exidx.text._ZNSt8functionIFviEEaSERKS1_
                0x0380522c        0x0 build/src/BrainOS/VariableConfig.o
                                  0x8 (size before relaxing)
 .ARM.exidx.text.__cxx_global_var_init.10
                0x0380522c        0x0 build/src/BrainOS/VariableConfig.o
                                  0x8 (size before relaxing)
 .ARM.exidx.text._ZNSt17_Function_handlerIFbvEN14VariableConfig6bypassMUlvE_EE9_M_invokeERKSt9_Any_data
                0x0380522c        0x0 build/src/BrainOS/VariableConfig.o
                                  0x8 (size before relaxing)
 .ARM.exidx.text._ZNSt14_Function_base13_Base_managerIN14VariableConfig6bypassMUlvE_EE10_M_managerERSt9_Any_dataRKS4_St18_Manager_operation
                0x0380522c        0x0 build/src/BrainOS/VariableConfig.o
                                  0x8 (size before relaxing)
 .ARM.exidx.text._ZNSt17_Function_handlerIFviEN14VariableConfig8callbackMUliE_EE9_M_invokeERKSt9_Any_datai
                0x0380522c        0x0 build/src/BrainOS/VariableConfig.o
                                  0x8 (size before relaxing)
 .ARM.exidx.text._ZNSt14_Function_base13_Base_managerIN14VariableConfig8callbackMUliE_EE10_M_managerERSt9_Any_dataRKS4_St18_Manager_operation
                0x0380522c        0x0 build/src/BrainOS/VariableConfig.o
                                  0x8 (size before relaxing)
 .ARM.exidx.text._ZNSt6vectorISsSaISsEE20_M_allocate_and_copyIN9__gnu_cxx17__normal_iteratorIPKSsS1_EEEEPSsjT_S9_
                0x0380522c        0x0 build/src/BrainOS/VariableConfig.o
                                  0x8 (size before relaxing)
 .ARM.exidx.text._ZNSt12_Vector_baseISsSaISsEE11_M_allocateEj
                0x0380522c        0x0 build/src/BrainOS/VariableConfig.o
                                  0x8 (size before relaxing)
 .ARM.exidx.text._ZN15BasicLinkedListIP14VariableConfigS1_S1_S0_E9basicPushILb1EEEvRS1_
                0x0380522c        0x0 build/src/BrainOS/VariableConfig.o
                                  0x8 (size before relaxing)
 .ARM.exidx.text._GLOBAL__sub_I_VariableConfig.cpp
                0x0380522c        0x0 build/src/BrainOS/VariableConfig.o
                                  0x8 (size before relaxing)
 .ARM.exidx.text.__cxx_global_var_init.8
                0x0380522c        0x0 build/src/BrainOS/BosFn.o
                                  0x8 (size before relaxing)
 .ARM.exidx.text._GLOBAL__sub_I_BosFn.cpp
                0x0380522c        0x0 build/src/BrainOS/BosFn.o
                                  0x8 (size before relaxing)
 .ARM.exidx.text._GLOBAL__sub_I_Controllers.cpp
                0x0380522c        0x0 build/src/Odometry/Controllers.o
                                  0x8 (size before relaxing)
 .ARM.exidx.text._GLOBAL__sub_I_FieldCoord.cpp
                0x0380522c        0x0 build/src/Odometry/FieldCoord.o
                                  0x8 (size before relaxing)
 .ARM.exidx.text._GLOBAL__sub_I_EPA_Tracker.cpp
                0x0380522c        0x0 build/src/Odometry/EPA_Tracker.o
                                  0x8 (size before relaxing)
 .ARM.exidx.text._GLOBAL__sub_I_Bezier.cpp
                0x0380522c        0x0 build/src/Odometry/Bezier.o
                                  0x8 (size before relaxing)
 .ARM.exidx.text._GLOBAL__sub_I_EPA_Wheel_Control.cpp
                0x0380522c        0x0 build/src/Odometry/EPA_Wheel_Control.o
                                  0x8 (size before relaxing)
 .ARM.exidx.text._GLOBAL__sub_I_PID.cpp
                0x0380522c        0x0 build/src/Odometry/PID.o
                                  0x8 (size before relaxing)
 .ARM.exidx.text._GLOBAL__sub_I_Chassis.cpp
                0x0380522c        0x0 build/src/Odometry/Chassis.o
                                  0x8 (size before relaxing)
 .ARM.exidx.text._ZNSt17_Function_handlerIFvvEN11SelectorArr3$_0EE9_M_invokeERKSt9_Any_data
                0x0380522c        0x0 build/src/Sensors/PotDial.o
                                  0x8 (size before relaxing)
 .ARM.exidx.text._ZNSt14_Function_base13_Base_managerIN11SelectorArr3$_0EE10_M_managerERSt9_Any_dataRKS4_St18_Manager_operation
                0x0380522c        0x0 build/src/Sensors/PotDial.o
                                  0x8 (size before relaxing)
 .ARM.exidx.text._GLOBAL__sub_I_PotDial.cpp
                0x0380522c        0x0 build/src/Sensors/PotDial.o
                                  0x8 (size before relaxing)
 .ARM.exidx.text._ZN11LineCounter6updateEv
                0x0380522c        0x0 build/src/Sensors/LineCounter.o
                                  0x8 (size before relaxing)
 .ARM.exidx.text._ZN11LineCounter3$_18__invokeEv
                0x0380522c        0x0 build/src/Sensors/LineCounter.o
                                  0x8 (size before relaxing)
 .ARM.exidx.text._ZNSt17_Function_handlerIFvvEN11SelectorArr3$_0EE9_M_invokeERKSt9_Any_data
                0x0380522c        0x0 build/src/Sensors/LineCounter.o
                                  0x8 (size before relaxing)
 .ARM.exidx.text._ZNSt14_Function_base13_Base_managerIN11SelectorArr3$_0EE10_M_managerERSt9_Any_dataRKS4_St18_Manager_operation
                0x0380522c        0x0 build/src/Sensors/LineCounter.o
                                  0x8 (size before relaxing)
 .ARM.exidx.text._GLOBAL__sub_I_LineCounter.cpp
                0x0380522c        0x0 build/src/Sensors/LineCounter.o
                                  0x8 (size before relaxing)
 .ARM.exidx.text._GLOBAL__sub_I_Encoder.cpp
                0x0380522c        0x0 build/src/Sensors/Wrappers/Encoder.o
                                  0x8 (size before relaxing)
 *(.gnu.linkonce.armexidix.*.*)
                0x0380522c                __exidx_end = .

.rel.dyn        0x0380522c        0x0
 .rel.iplt      0x00000000        0x0 build/src/ButtonLatch.o

.preinit_array  0x0380522c        0x0
                0x0380522c                __preinit_array_start = .
 *(SORT(.preinit_array.*))
 *(.preinit_array)
                0x0380522c                __preinit_array_end = .

.init_array     0x0380522c       0x64
                0x0380522c                __init_array_start = .
 *(SORT(.init_array.*))
 *(.init_array)
 .init_array    0x0380522c        0x4 build/src/ButtonLatch.o
 .init_array    0x03805230        0x4 build/src/main.o
 .init_array    0x03805234        0x4 build/src/Filters.o
 .init_array    0x03805238        0x4 build/src/DriveController.o
 .init_array    0x0380523c        0x4 build/src/connection.o
 .init_array    0x03805240        0x4 build/src/vex.o
 .init_array    0x03805244        0x4 build/src/BuildAll.o
 .init_array    0x03805248        0x4 build/src/AutonInit/Init.o
 .init_array    0x0380524c        0x4 build/src/BrainOS/ConnectionTest.o
 .init_array    0x03805250        0x4 build/src/BrainOS/BotTracker.o
 .init_array    0x03805254        0x4 build/src/BrainOS/VariableConfig.o
 .init_array    0x03805258        0x4 build/src/BrainOS/VariableConfig.o
 .init_array    0x0380525c        0x4 build/src/BrainOS/BosFn.o
 .init_array    0x03805260        0x4 build/src/BrainOS/BosFn.o
 .init_array    0x03805264        0x4 build/src/Odometry/Controllers.o
 .init_array    0x03805268        0x4 build/src/Odometry/FieldCoord.o
 .init_array    0x0380526c        0x4 build/src/Odometry/EPA_Tracker.o
 .init_array    0x03805270        0x4 build/src/Odometry/Bezier.o
 .init_array    0x03805274        0x4 build/src/Odometry/EPA_Wheel_Control.o
 .init_array    0x03805278        0x4 build/src/Odometry/PID.o
 .init_array    0x0380527c        0x4 build/src/Odometry/Chassis.o
 .init_array    0x03805280        0x4 build/src/Sensors/PotDial.o
 .init_array    0x03805284        0x4 build/src/Sensors/LineCounter.o
 .init_array    0x03805288        0x4 build/src/Sensors/Wrappers/Encoder.o
 .init_array    0x0380528c        0x4 c:\Users\woodc\AppData\Roaming\Code\User\globalStorage\vexrobotics.vexcode\sdk\cpp\V5\V5_20220726_10_00_00/vexv5\libv5rt.a(vex_color.cpp.obj)
                0x03805290                __init_array_end = .

.fini_array     0x03805290        0x0
                0x03805290                __fini_array_start = .
 *(SORT(.fini_array.*))
 *(.fini_array)
                0x03805290                __fini_array_end = .

.ARM.attributes
                0x03805290       0x3a
                0x03805290                __ARM.attributes_start = .
 *(.ARM.attributes)
 .ARM.attributes
                0x03805290       0x3a build/src/ButtonLatch.o
 .ARM.attributes
                0x038052ca       0x3a build/src/main.o
 .ARM.attributes
                0x03805304       0x3a build/src/Filters.o
 .ARM.attributes
                0x0380533e       0x3a build/src/DriveController.o
 .ARM.attributes
                0x03805378       0x3a build/src/connection.o
 .ARM.attributes
                0x038053b2       0x3a build/src/vex.o
 .ARM.attributes
                0x038053ec       0x3a build/src/BuildAll.o
 .ARM.attributes
                0x03805426       0x3a build/src/AutonInit/Init.o
 .ARM.attributes
                0x03805460       0x3a build/src/BrainOS/ConnectionTest.o
 .ARM.attributes
                0x0380549a       0x3a build/src/BrainOS/BotTracker.o
 .ARM.attributes
                0x038054d4       0x3a build/src/BrainOS/VariableConfig.o
 .ARM.attributes
                0x0380550e       0x3a build/src/BrainOS/BosFn.o
 .ARM.attributes
                0x03805548       0x3a build/src/Odometry/Controllers.o
 .ARM.attributes
                0x03805582       0x3a build/src/Odometry/FieldCoord.o
 .ARM.attributes
                0x038055bc       0x3a build/src/Odometry/EPA_Tracker.o
 .ARM.attributes
                0x038055f6       0x3a build/src/Odometry/Bezier.o
 .ARM.attributes
                0x03805630       0x3a build/src/Odometry/EPA_Wheel_Control.o
 .ARM.attributes
                0x0380566a       0x3a build/src/Odometry/PID.o
 .ARM.attributes
                0x038056a4       0x3a build/src/Odometry/Chassis.o
 .ARM.attributes
                0x038056de       0x3a build/src/Sensors/PotDial.o
 .ARM.attributes
                0x03805718       0x3a build/src/Sensors/LineCounter.o
 .ARM.attributes
                0x03805752       0x3a build/src/Sensors/Wrappers/Encoder.o
 .ARM.attributes
                0x0380578c       0x35 c:\Users\woodc\AppData\Roaming\Code\User\globalStorage\vexrobotics.vexcode\sdk\cpp\V5\V5_20220726_10_00_00/vexv5\libv5rt.a(v5_startup.c.obj)
 .ARM.attributes
                0x038057c1       0x35 c:\Users\woodc\AppData\Roaming\Code\User\globalStorage\vexrobotics.vexcode\sdk\cpp\V5\V5_20220726_10_00_00/vexv5\libv5rt.a(v5_util.c.obj)
 .ARM.attributes
                0x038057f6       0x35 c:\Users\woodc\AppData\Roaming\Code\User\globalStorage\vexrobotics.vexcode\sdk\cpp\V5\V5_20220726_10_00_00/vexv5\libv5rt.a(v5_apijump.c.obj)
 .ARM.attributes
                0x0380582b       0x35 c:\Users\woodc\AppData\Roaming\Code\User\globalStorage\vexrobotics.vexcode\sdk\cpp\V5\V5_20220726_10_00_00/vexv5\libv5rt.a(v5_apiversions.c.obj)
 .ARM.attributes
                0x03805860       0x35 c:\Users\woodc\AppData\Roaming\Code\User\globalStorage\vexrobotics.vexcode\sdk\cpp\V5\V5_20220726_10_00_00/vexv5\libv5rt.a(vex_global.cpp.obj)
 .ARM.attributes
                0x03805895       0x35 c:\Users\woodc\AppData\Roaming\Code\User\globalStorage\vexrobotics.vexcode\sdk\cpp\V5\V5_20220726_10_00_00/vexv5\libv5rt.a(vex_device.cpp.obj)
 .ARM.attributes
                0x038058ca       0x35 c:\Users\woodc\AppData\Roaming\Code\User\globalStorage\vexrobotics.vexcode\sdk\cpp\V5\V5_20220726_10_00_00/vexv5\libv5rt.a(vex_task.cpp.obj)
 .ARM.attributes
                0x038058ff       0x35 c:\Users\woodc\AppData\Roaming\Code\User\globalStorage\vexrobotics.vexcode\sdk\cpp\V5\V5_20220726_10_00_00/vexv5\libv5rt.a(vex_thread.cpp.obj)
 .ARM.attributes
                0x03805934       0x35 c:\Users\woodc\AppData\Roaming\Code\User\globalStorage\vexrobotics.vexcode\sdk\cpp\V5\V5_20220726_10_00_00/vexv5\libv5rt.a(vex_event.cpp.obj)
 .ARM.attributes
                0x03805969       0x35 c:\Users\woodc\AppData\Roaming\Code\User\globalStorage\vexrobotics.vexcode\sdk\cpp\V5\V5_20220726_10_00_00/vexv5\libv5rt.a(vex_mevent.cpp.obj)
 .ARM.attributes
                0x0380599e       0x35 c:\Users\woodc\AppData\Roaming\Code\User\globalStorage\vexrobotics.vexcode\sdk\cpp\V5\V5_20220726_10_00_00/vexv5\libv5rt.a(vex_brain.cpp.obj)
 .ARM.attributes
                0x038059d3       0x35 c:\Users\woodc\AppData\Roaming\Code\User\globalStorage\vexrobotics.vexcode\sdk\cpp\V5\V5_20220726_10_00_00/vexv5\libv5rt.a(vex_triport.cpp.obj)
 .ARM.attributes
                0x03805a08       0x35 c:\Users\woodc\AppData\Roaming\Code\User\globalStorage\vexrobotics.vexcode\sdk\cpp\V5\V5_20220726_10_00_00/vexv5\libv5rt.a(vex_color.cpp.obj)
 .ARM.attributes
                0x03805a3d       0x35 c:\Users\woodc\AppData\Roaming\Code\User\globalStorage\vexrobotics.vexcode\sdk\cpp\V5\V5_20220726_10_00_00/vexv5\libv5rt.a(vex_timer.cpp.obj)
 .ARM.attributes
                0x03805a72       0x35 c:\Users\woodc\AppData\Roaming\Code\User\globalStorage\vexrobotics.vexcode\sdk\cpp\V5\V5_20220726_10_00_00/vexv5\libv5rt.a(v5_apiuser.c.obj)
 .ARM.attributes
                0x03805aa7       0x19 c:\Users\woodc\AppData\Roaming\Code\User\globalStorage\vexrobotics.vexcode\sdk\cpp\V5\V5_20220726_10_00_00/vexv5/gcc/libs\libc.a(lib_a-aeabi_memmove-soft.o)
 .ARM.attributes
                0x03805ac0       0x2b c:\Users\woodc\AppData\Roaming\Code\User\globalStorage\vexrobotics.vexcode\sdk\cpp\V5\V5_20220726_10_00_00/vexv5/gcc/libs\libc.a(lib_a-fini.o)
 .ARM.attributes
                0x03805aeb       0x2b c:\Users\woodc\AppData\Roaming\Code\User\globalStorage\vexrobotics.vexcode\sdk\cpp\V5\V5_20220726_10_00_00/vexv5/gcc/libs\libc.a(lib_a-impure.o)
 .ARM.attributes
                0x03805b16       0x2b c:\Users\woodc\AppData\Roaming\Code\User\globalStorage\vexrobotics.vexcode\sdk\cpp\V5\V5_20220726_10_00_00/vexv5/gcc/libs\libc.a(lib_a-init.o)
 .ARM.attributes
                0x03805b41       0x2b c:\Users\woodc\AppData\Roaming\Code\User\globalStorage\vexrobotics.vexcode\sdk\cpp\V5\V5_20220726_10_00_00/vexv5/gcc/libs\libc.a(lib_a-malloc.o)
 .ARM.attributes
                0x03805b6c       0x2b c:\Users\woodc\AppData\Roaming\Code\User\globalStorage\vexrobotics.vexcode\sdk\cpp\V5\V5_20220726_10_00_00/vexv5/gcc/libs\libc.a(lib_a-mallocr.o)
 .ARM.attributes
                0x03805b97       0x2b c:\Users\woodc\AppData\Roaming\Code\User\globalStorage\vexrobotics.vexcode\sdk\cpp\V5\V5_20220726_10_00_00/vexv5/gcc/libs\libc.a(lib_a-mlock.o)
 .ARM.attributes
                0x03805bc2       0x2b c:\Users\woodc\AppData\Roaming\Code\User\globalStorage\vexrobotics.vexcode\sdk\cpp\V5\V5_20220726_10_00_00/vexv5/gcc/libs\libc.a(lib_a-sbrkr.o)
 .ARM.attributes
                0x03805bed       0x2b c:\Users\woodc\AppData\Roaming\Code\User\globalStorage\vexrobotics.vexcode\sdk\cpp\V5\V5_20220726_10_00_00/vexv5/gcc/libs\libc.a(lib_a-freer.o)
                0x03805c18                __ARM.attributes_end = .

.sdata          0x03805290        0x0
                0x03805290                __sdata_start = .
 *(.sdata)
 *(.sdata.*)
 *(.gnu.linkonce.s.*)
                0x03805290                __sdata_end = .

.sbss           0x03805290        0x0
                0x03805290                __sbss_start = .
 *(.sbss)
 *(.sbss.*)
 *(.gnu.linkonce.sb.*)
                0x03805290                __sbss_end = .

.tdata          0x03805290        0x0
                0x03805290                __tdata_start = .
 *(.tdata)
 *(.tdata.*)
 *(.gnu.linkonce.td.*)
                0x03805290                __tdata_end = .

.tbss           0x03805290        0x0
                0x03805290                __tbss_start = .
 *(.tbss)
 *(.tbss.*)
 *(.gnu.linkonce.tb.*)
                0x03805290                __tbss_end = .

.bss            0x03805290      0x544
                0x03805290                __bss_start = .
 *(.bss)
 *(.bss.*)
 .bss._ZStL8__ioinit
                0x03805290        0x1 build/src/ButtonLatch.o
 *fill*         0x03805291        0x3 
 .bss._ZN10MotorGroup9ptoMotorsE
                0x03805294       0x18 build/src/ButtonLatch.o
                0x03805294                MotorGroup::ptoMotors
 .bss._ZGVN10MotorGroup9ptoMotorsE
                0x038052ac        0x4 build/src/ButtonLatch.o
                0x038052ac                guard variable for MotorGroup::ptoMotors
 .bss._ZStL8__ioinit
                0x038052b0        0x1 build/src/main.o
 .bss._ZStL8__ioinit
                0x038052b1        0x1 build/src/Filters.o
 .bss._ZStL8__ioinit
                0x038052b2        0x1 build/src/DriveController.o
 .bss._ZStL8__ioinit
                0x038052b3        0x1 build/src/connection.o
 .bss._ZN11SelectorArr7emptyFnE
                0x038052b4       0x10 build/src/connection.o
                0x038052b4                SelectorArr::emptyFn
 .bss._ZGVN11SelectorArr7emptyFnE
                0x038052c4        0x4 build/src/connection.o
                0x038052c4                guard variable for SelectorArr::emptyFn
 .bss._ZN11SelectorArr10boundDialsE
                0x038052c8        0xc build/src/connection.o
                0x038052c8                SelectorArr::boundDials
 .bss._ZGVN11SelectorArr10boundDialsE
                0x038052d4        0x4 build/src/connection.o
                0x038052d4                guard variable for SelectorArr::boundDials
 .bss._ZN11SelectorArr5toValE
                0x038052d8       0x18 build/src/connection.o
                0x038052d8                SelectorArr::toVal
 .bss._ZGVN11SelectorArr5toValE
                0x038052f0        0x4 build/src/connection.o
                0x038052f0                guard variable for SelectorArr::toVal
 .bss._ZN11LineCounter9instancesE
                0x038052f4        0xc build/src/connection.o
                0x038052f4                LineCounter::instances
 .bss._ZGVN11LineCounter9instancesE
                0x03805300        0x4 build/src/connection.o
                0x03805300                guard variable for LineCounter::instances
 .bss.connectedDevices
                0x03805304        0xc build/src/connection.o
                0x03805304                connectedDevices
 .bss._ZStL8__ioinit
                0x03805310        0x1 build/src/vex.o
 .bss._ZStL8__ioinit
                0x03805311        0x1 build/src/BuildAll.o
 *fill*         0x03805312        0x2 
 .bss.Brain     0x03805314      0x2bc build/src/BuildAll.o
                0x03805314                Brain
 .bss._ZN14VariableConfig9variablesE
                0x038055d0       0x10 build/src/BuildAll.o
                0x038055d0                VariableConfig::variables
 .bss._ZGVN14VariableConfig9variablesE
                0x038055e0        0x4 build/src/BuildAll.o
                0x038055e0                guard variable for VariableConfig::variables
 .bss._ZN5Auton7refListE
                0x038055e4        0xc build/src/BuildAll.o
                0x038055e4                Auton::refList
 .bss._ZGVN5Auton7refListE
                0x038055f0        0x4 build/src/BuildAll.o
                0x038055f0                guard variable for Auton::refList
 .bss._ZN5Auton7buttonsE
                0x038055f4        0xc build/src/BuildAll.o
                0x038055f4                Auton::buttons
 .bss._ZGVN5Auton7buttonsE
                0x03805600        0x4 build/src/BuildAll.o
                0x03805600                guard variable for Auton::buttons
 .bss._ZN5Auton4confE
                0x03805604       0x48 build/src/BuildAll.o
                0x03805604                Auton::conf
 .bss._ZGVN5Auton4confE
                0x0380564c        0x4 build/src/BuildAll.o
                0x0380564c                guard variable for Auton::conf
 .bss._ZN5BosFn6bosFnsE
                0x03805650       0x10 build/src/BuildAll.o
                0x03805650                BosFn::bosFns
 .bss._ZGVN5BosFn6bosFnsE
                0x03805660        0x4 build/src/BuildAll.o
                0x03805660                guard variable for BosFn::bosFns
 .bss._ZStL8__ioinit
                0x03805664        0x1 build/src/AutonInit/Init.o
 *fill*         0x03805665        0x3 
 .bss._ZN5Auton5autonE
                0x03805668        0x4 build/src/AutonInit/Init.o
                0x03805668                Auton::auton
 .bss._ZN5Auton13autonSelectedE
                0x0380566c        0x1 build/src/AutonInit/Init.o
                0x0380566c                Auton::autonSelected
 .bss._ZN5Auton5readyE
                0x0380566d        0x1 build/src/AutonInit/Init.o
                0x0380566d                Auton::ready
 .bss._ZStL8__ioinit
                0x0380566e        0x1 build/src/BrainOS/ConnectionTest.o
 .bss._ZStL8__ioinit
                0x0380566f        0x1 build/src/BrainOS/BotTracker.o
 .bss.pts       0x03805670        0xc build/src/BrainOS/BotTracker.o
                0x03805670                pts
 .bss.actualPts
                0x0380567c        0xc build/src/BrainOS/BotTracker.o
                0x0380567c                actualPts
 .bss.pathPts   0x03805688        0xc build/src/BrainOS/BotTracker.o
                0x03805688                pathPts
 .bss._ZStL8__ioinit
                0x03805694        0x1 build/src/BrainOS/VariableConfig.o
 *fill*         0x03805695        0x3 
 .bss._ZN14VariableConfig7confirmE
                0x03805698       0x34 build/src/BrainOS/VariableConfig.o
                0x03805698                VariableConfig::confirm
 .bss._ZN14VariableConfig4denyE
                0x038056cc       0x34 build/src/BrainOS/VariableConfig.o
                0x038056cc                VariableConfig::deny
 .bss._ZN15BasicLinkedListIP14VariableConfigS1_S1_S0_E9emptyNodeE
                0x03805700        0x4 build/src/BrainOS/VariableConfig.o
                0x03805700                BasicLinkedList<VariableConfig*, VariableConfig*, VariableConfig*, VariableConfig>::emptyNode
 .bss._ZGVN15BasicLinkedListIP14VariableConfigS1_S1_S0_E9emptyNodeE
                0x03805704        0x4 build/src/BrainOS/VariableConfig.o
                0x03805704                guard variable for BasicLinkedList<VariableConfig*, VariableConfig*, VariableConfig*, VariableConfig>::emptyNode
 .bss._ZStL8__ioinit
                0x03805708        0x1 build/src/BrainOS/BosFn.o
 *fill*         0x03805709        0x3 
 .bss._ZN15BasicLinkedListI5BosFnRS0_PS0_S0_E9emptyNodeE
                0x0380570c        0x4 build/src/BrainOS/BosFn.o
                0x0380570c                BasicLinkedList<BosFn, BosFn&, BosFn*, BosFn>::emptyNode
 .bss._ZGVN15BasicLinkedListI5BosFnRS0_PS0_S0_E9emptyNodeE
                0x03805710        0x4 build/src/BrainOS/BosFn.o
                0x03805710                guard variable for BasicLinkedList<BosFn, BosFn&, BosFn*, BosFn>::emptyNode
 .bss._ZStL8__ioinit
                0x03805714        0x1 build/src/Odometry/Controllers.o
 .bss._ZStL8__ioinit
                0x03805715        0x1 build/src/Odometry/FieldCoord.o
 .bss._ZStL8__ioinit
                0x03805716        0x1 build/src/Odometry/EPA_Tracker.o
 .bss._ZStL8__ioinit
                0x03805717        0x1 build/src/Odometry/Bezier.o
 .bss._ZStL8__ioinit
                0x03805718        0x1 build/src/Odometry/EPA_Wheel_Control.o
 .bss._ZStL8__ioinit
                0x03805719        0x1 build/src/Odometry/PID.o
 .bss._ZStL8__ioinit
                0x0380571a        0x1 build/src/Odometry/Chassis.o
 .bss._ZStL8__ioinit
                0x0380571b        0x1 build/src/Sensors/PotDial.o
 .bss._ZStL8__ioinit
                0x0380571c        0x1 build/src/Sensors/LineCounter.o
 *fill*         0x0380571d        0x3 
 .bss._ZN11LineCounter7updaterE
                0x03805720        0x8 build/src/Sensors/LineCounter.o
                0x03805720                LineCounter::updater
 .bss._ZStL8__ioinit
                0x03805728        0x1 build/src/Sensors/Wrappers/Encoder.o
 *fill*         0x03805729        0x3 
 .bss.__dso_handle
                0x0380572c        0x4 c:\Users\woodc\AppData\Roaming\Code\User\globalStorage\vexrobotics.vexcode\sdk\cpp\V5\V5_20220726_10_00_00/vexv5\libv5rt.a(v5_startup.c.obj)
                0x0380572c                __dso_handle
 .bss.heap.8509
                0x03805730        0x4 c:\Users\woodc\AppData\Roaming\Code\User\globalStorage\vexrobotics.vexcode\sdk\cpp\V5\V5_20220726_10_00_00/vexv5\libv5rt.a(v5_startup.c.obj)
 .bss._ZN3vex6thread8_labelIdE
                0x03805734        0x4 c:\Users\woodc\AppData\Roaming\Code\User\globalStorage\vexrobotics.vexcode\sdk\cpp\V5\V5_20220726_10_00_00/vexv5\libv5rt.a(vex_thread.cpp.obj)
                0x03805734                vex::thread::_labelId
 .bss._ZN3vex5color6orangeE
                0x03805738        0x8 c:\Users\woodc\AppData\Roaming\Code\User\globalStorage\vexrobotics.vexcode\sdk\cpp\V5\V5_20220726_10_00_00/vexv5\libv5rt.a(vex_color.cpp.obj)
                0x03805738                vex::color::orange
 .bss._ZN3vex5color5blackE
                0x03805740        0x8 c:\Users\woodc\AppData\Roaming\Code\User\globalStorage\vexrobotics.vexcode\sdk\cpp\V5\V5_20220726_10_00_00/vexv5\libv5rt.a(vex_color.cpp.obj)
                0x03805740                vex::color::black
 .bss._ZN3vex5color6yellowE
                0x03805748        0x8 c:\Users\woodc\AppData\Roaming\Code\User\globalStorage\vexrobotics.vexcode\sdk\cpp\V5\V5_20220726_10_00_00/vexv5\libv5rt.a(vex_color.cpp.obj)
                0x03805748                vex::color::yellow
 .bss._ZN3vex5color5greenE
                0x03805750        0x8 c:\Users\woodc\AppData\Roaming\Code\User\globalStorage\vexrobotics.vexcode\sdk\cpp\V5\V5_20220726_10_00_00/vexv5\libv5rt.a(vex_color.cpp.obj)
                0x03805750                vex::color::green
 .bss._ZN3vex5color6purpleE
                0x03805758        0x8 c:\Users\woodc\AppData\Roaming\Code\User\globalStorage\vexrobotics.vexcode\sdk\cpp\V5\V5_20220726_10_00_00/vexv5\libv5rt.a(vex_color.cpp.obj)
                0x03805758                vex::color::purple
 .bss._ZN3vex5color4cyanE
                0x03805760        0x8 c:\Users\woodc\AppData\Roaming\Code\User\globalStorage\vexrobotics.vexcode\sdk\cpp\V5\V5_20220726_10_00_00/vexv5\libv5rt.a(vex_color.cpp.obj)
                0x03805760                vex::color::cyan
 .bss._ZN3vex5color4blueE
                0x03805768        0x8 c:\Users\woodc\AppData\Roaming\Code\User\globalStorage\vexrobotics.vexcode\sdk\cpp\V5\V5_20220726_10_00_00/vexv5\libv5rt.a(vex_color.cpp.obj)
                0x03805768                vex::color::blue
 .bss._ZN3vex5color3redE
                0x03805770        0x8 c:\Users\woodc\AppData\Roaming\Code\User\globalStorage\vexrobotics.vexcode\sdk\cpp\V5\V5_20220726_10_00_00/vexv5\libv5rt.a(vex_color.cpp.obj)
                0x03805770                vex::color::red
 .bss._ZN3vex5color11transparentE
                0x03805778        0x8 c:\Users\woodc\AppData\Roaming\Code\User\globalStorage\vexrobotics.vexcode\sdk\cpp\V5\V5_20220726_10_00_00/vexv5\libv5rt.a(vex_color.cpp.obj)
                0x03805778                vex::color::transparent
 .bss._ZN3vex5color5whiteE
                0x03805780        0x8 c:\Users\woodc\AppData\Roaming\Code\User\globalStorage\vexrobotics.vexcode\sdk\cpp\V5\V5_20220726_10_00_00/vexv5\libv5rt.a(vex_color.cpp.obj)
                0x03805780                vex::color::white
 .bss.__malloc_max_total_mem
                0x03805788        0x4 c:\Users\woodc\AppData\Roaming\Code\User\globalStorage\vexrobotics.vexcode\sdk\cpp\V5\V5_20220726_10_00_00/vexv5/gcc/libs\libc.a(lib_a-mallocr.o)
                0x03805788                __malloc_max_total_mem
 .bss.__malloc_max_sbrked_mem
                0x0380578c        0x4 c:\Users\woodc\AppData\Roaming\Code\User\globalStorage\vexrobotics.vexcode\sdk\cpp\V5\V5_20220726_10_00_00/vexv5/gcc/libs\libc.a(lib_a-mallocr.o)
                0x0380578c                __malloc_max_sbrked_mem
 .bss.__malloc_top_pad
                0x03805790        0x4 c:\Users\woodc\AppData\Roaming\Code\User\globalStorage\vexrobotics.vexcode\sdk\cpp\V5\V5_20220726_10_00_00/vexv5/gcc/libs\libc.a(lib_a-mallocr.o)
                0x03805790                __malloc_top_pad
 .bss.__malloc_current_mallinfo
                0x03805794       0x28 c:\Users\woodc\AppData\Roaming\Code\User\globalStorage\vexrobotics.vexcode\sdk\cpp\V5\V5_20220726_10_00_00/vexv5/gcc/libs\libc.a(lib_a-mallocr.o)
                0x03805794                __malloc_current_mallinfo
 *(.gnu.linkonce.b.*)
 *(COMMON)
 COMMON         0x038057bc       0x18 c:\Users\woodc\AppData\Roaming\Code\User\globalStorage\vexrobotics.vexcode\sdk\cpp\V5\V5_20220726_10_00_00/vexv5\libv5rt.a(v5_startup.c.obj)
                0x038057c0                __vex_critical_section
                0x038057d4                __bss_end = .
                0x03805290                _SDA_BASE_ = (__sdata_start + ((__sbss_end - __sdata_start) / 0x2))
                0x038049dc                _SDA2_BASE_ = (__sdata2_start + ((__sbss2_end - __sdata2_start) / 0x2))

.heap           0x038057d4   0xa0000c
                0x038057e0                . = ALIGN (0x10)
 *fill*         0x038057d4        0xc 
                0x038057e0                _heap = .
                0x038057e0                HeapBase = .
                0x038057e0                _heap_start = .
                0x042057e0                . = (. + _HEAP_SIZE)
 *fill*         0x038057e0   0xa00000 
                0x042057e0                _heap_end = .
                0x042057e0                HeapLimit = .

.stack          0x042057e0     0x3800
                0x042057e0                . = ALIGN (0x10)
                0x042057e0                _stack_end = .
                0x042077e0                . = (. + _STACK_SIZE)
 *fill*         0x042057e0     0x2000 
                0x042077e0                . = ALIGN (0x10)
                0x042077e0                _stack = .
                0x042077e0                __stack = _stack
                0x042077e0                . = ALIGN (0x10)
                0x042077e0                _irq_stack_end = .
                0x04207be0                . = (. + _IRQ_STACK_SIZE)
 *fill*         0x042077e0      0x400 
                0x04207be0                . = ALIGN (0x10)
                0x04207be0                __irq_stack = .
                0x04207be0                _supervisor_stack_end = .
                0x042083e0                . = (. + _SUPERVISOR_STACK_SIZE)
 *fill*         0x04207be0      0x800 
                0x042083e0                . = ALIGN (0x10)
                0x042083e0                __supervisor_stack = .
                0x042083e0                _abort_stack_end = .
                0x042087e0                . = (. + _ABORT_STACK_SIZE)
 *fill*         0x042083e0      0x400 
                0x042087e0                . = ALIGN (0x10)
                0x042087e0                __abort_stack = .
                0x042087e0                _fiq_stack_end = .
                0x04208be0                . = (. + _FIQ_STACK_SIZE)
 *fill*         0x042087e0      0x400 
                0x04208be0                . = ALIGN (0x10)
                0x04208be0                __fiq_stack = .
                0x04208be0                _undef_stack_end = .
                0x04208fe0                . = (. + _UNDEF_STACK_SIZE)
 *fill*         0x04208be0      0x400 
                0x04208fe0                . = ALIGN (0x10)
                0x04208fe0                __undef_stack = .
                0x04208fe0                _end = .
LOAD c:\Users\woodc\AppData\Roaming\Code\User\globalStorage\vexrobotics.vexcode\sdk\cpp\V5\V5_20220726_10_00_00/vexv5/stdlib_0.lib
LOAD build/src/ButtonLatch.o
LOAD build/src/main.o
LOAD build/src/Filters.o
LOAD build/src/DriveController.o
LOAD build/src/connection.o
LOAD build/src/vex.o
LOAD build/src/BuildAll.o
LOAD build/src/AutonInit/Init.o
LOAD build/src/BrainOS/ConnectionTest.o
LOAD build/src/BrainOS/BotTracker.o
LOAD build/src/BrainOS/VariableConfig.o
LOAD build/src/BrainOS/BosFn.o
LOAD build/src/Odometry/Controllers.o
LOAD build/src/Odometry/FieldCoord.o
LOAD build/src/Odometry/EPA_Tracker.o
LOAD build/src/Odometry/Bezier.o
LOAD build/src/Odometry/EPA_Wheel_Control.o
LOAD build/src/Odometry/PID.o
LOAD build/src/Odometry/Chassis.o
LOAD build/src/Sensors/PotDial.o
LOAD build/src/Sensors/LineCounter.o
LOAD build/src/Sensors/Wrappers/Encoder.o
START GROUP
LOAD c:\Users\woodc\AppData\Roaming\Code\User\globalStorage\vexrobotics.vexcode\sdk\cpp\V5\V5_20220726_10_00_00/vexv5\libv5rt.a
LOAD c:\Users\woodc\AppData\Roaming\Code\User\globalStorage\vexrobotics.vexcode\sdk\cpp\V5\V5_20220726_10_00_00/vexv5/gcc/libs\libstdc++.a
LOAD c:\Users\woodc\AppData\Roaming\Code\User\globalStorage\vexrobotics.vexcode\sdk\cpp\V5\V5_20220726_10_00_00/vexv5/gcc/libs\libc.a
LOAD c:\Users\woodc\AppData\Roaming\Code\User\globalStorage\vexrobotics.vexcode\sdk\cpp\V5\V5_20220726_10_00_00/vexv5/gcc/libs\libm.a
LOAD c:\Users\woodc\AppData\Roaming\Code\User\globalStorage\vexrobotics.vexcode\sdk\cpp\V5\V5_20220726_10_00_00/vexv5/gcc/libs\libgcc.a
LOAD build-lvgl\liblvgl.a
END GROUP
OUTPUT(build/lib46f.elf elf32-littlearm)

.comment        0x00000000       0x9d
 .comment       0x00000000       0x2d build/src/ButtonLatch.o
                                 0x2e (size before relaxing)
 .comment       0x00000000       0x2e build/src/main.o
 .comment       0x00000000       0x2e build/src/Filters.o
 .comment       0x00000000       0x2e build/src/DriveController.o
 .comment       0x00000000       0x2e build/src/connection.o
 .comment       0x00000000       0x2e build/src/vex.o
 .comment       0x00000000       0x2e build/src/BuildAll.o
 .comment       0x00000000       0x2e build/src/AutonInit/Init.o
 .comment       0x00000000       0x2e build/src/BrainOS/ConnectionTest.o
 .comment       0x00000000       0x2e build/src/BrainOS/BotTracker.o
 .comment       0x00000000       0x2e build/src/BrainOS/VariableConfig.o
 .comment       0x00000000       0x2e build/src/BrainOS/BosFn.o
 .comment       0x00000000       0x2e build/src/Odometry/Controllers.o
 .comment       0x00000000       0x2e build/src/Odometry/FieldCoord.o
 .comment       0x00000000       0x2e build/src/Odometry/EPA_Tracker.o
 .comment       0x00000000       0x2e build/src/Odometry/Bezier.o
 .comment       0x00000000       0x2e build/src/Odometry/EPA_Wheel_Control.o
 .comment       0x00000000       0x2e build/src/Odometry/PID.o
 .comment       0x00000000       0x2e build/src/Odometry/Chassis.o
 .comment       0x00000000       0x2e build/src/Sensors/PotDial.o
 .comment       0x00000000       0x2e build/src/Sensors/LineCounter.o
 .comment       0x00000000       0x2e build/src/Sensors/Wrappers/Encoder.o
 .comment       0x0000002d       0x70 c:\Users\woodc\AppData\Roaming\Code\User\globalStorage\vexrobotics.vexcode\sdk\cpp\V5\V5_20220726_10_00_00/vexv5\libv5rt.a(v5_startup.c.obj)
                                 0x71 (size before relaxing)