Archive member included because of file (symbol)

c:\Users\Student.EGR_03_LAPTOP.001\AppData\Roaming\Code\User\globalStorage\vexrobotics.vexcode\sdk\cpp\V5\V5_20220726_10_00_00/vexv5\libv5rt.a(v5_startup.c.obj)
                              (vexStartup)
c:\Users\Student.EGR_03_LAPTOP.001\AppData\Roaming\Code\User\globalStorage\vexrobotics.vexcode\sdk\cpp\V5\V5_20220726_10_00_00/vexv5\libv5rt.a(v5_util.c.obj)
                              c:\Users\Student.EGR_03_LAPTOP.001\AppData\Roaming\Code\User\globalStorage\vexrobotics.vexcode\sdk\cpp\V5\V5_20220726_10_00_00/vexv5\libv5rt.a(v5_startup.c.obj) (vexStdlibVersionLinked)
c:\Users\Student.EGR_03_LAPTOP.001\AppData\Roaming\Code\User\globalStorage\vexrobotics.vexcode\sdk\cpp\V5\V5_20220726_10_00_00/vexv5\libv5rt.a(v5_apijump.c.obj)
                              c:\Users\Student.EGR_03_LAPTOP.001\AppData\Roaming\Code\User\globalStorage\vexrobotics.vexcode\sdk\cpp\V5\V5_20220726_10_00_00/vexv5\libv5rt.a(v5_startup.c.obj) (vexPrivateApiEnable)
c:\Users\Student.EGR_03_LAPTOP.001\AppData\Roaming\Code\User\globalStorage\vexrobotics.vexcode\sdk\cpp\V5\V5_20220726_10_00_00/vexv5\libv5rt.a(v5_apiversions.c.obj)
                              c:\Users\Student.EGR_03_LAPTOP.001\AppData\Roaming\Code\User\globalStorage\vexrobotics.vexcode\sdk\cpp\V5\V5_20220726_10_00_00/vexv5\libv5rt.a(v5_apijump.c.obj) (vexSystemVersion)
c:\Users\Student.EGR_03_LAPTOP.001\AppData\Roaming\Code\User\globalStorage\vexrobotics.vexcode\sdk\cpp\V5\V5_20220726_10_00_00/vexv5/gcc/libs\libc.a(lib_a-aeabi_memclr.o)
                              build-lvgl/include/lvgl/src/misc/lv_mem.o (__aeabi_memclr)
c:\Users\Student.EGR_03_LAPTOP.001\AppData\Roaming\Code\User\globalStorage\vexrobotics.vexcode\sdk\cpp\V5\V5_20220726_10_00_00/vexv5/gcc/libs\libc.a(lib_a-aeabi_memcpy.o)
                              build-lvgl/include/lvgl/src/misc/lv_lru.o (__aeabi_memcpy)
c:\Users\Student.EGR_03_LAPTOP.001\AppData\Roaming\Code\User\globalStorage\vexrobotics.vexcode\sdk\cpp\V5\V5_20220726_10_00_00/vexv5/gcc/libs\libc.a(lib_a-aeabi_memmove-soft.o)
                              build-lvgl/include/lvgl/src/extra/libs/qrcode/qrcodegen.o (__aeabi_memmove)
c:\Users\Student.EGR_03_LAPTOP.001\AppData\Roaming\Code\User\globalStorage\vexrobotics.vexcode\sdk\cpp\V5\V5_20220726_10_00_00/vexv5/gcc/libs\libc.a(lib_a-aeabi_memset-soft.o)
                              build-lvgl/include/lvgl/src/misc/lv_printf.o (__aeabi_memset)
c:\Users\Student.EGR_03_LAPTOP.001\AppData\Roaming\Code\User\globalStorage\vexrobotics.vexcode\sdk\cpp\V5\V5_20220726_10_00_00/vexv5/gcc/libs\libc.a(lib_a-fini.o)
                              c:\Users\Student.EGR_03_LAPTOP.001\AppData\Roaming\Code\User\globalStorage\vexrobotics.vexcode\sdk\cpp\V5\V5_20220726_10_00_00/vexv5\libv5rt.a(v5_startup.c.obj) (__libc_fini_array)
c:\Users\Student.EGR_03_LAPTOP.001\AppData\Roaming\Code\User\globalStorage\vexrobotics.vexcode\sdk\cpp\V5\V5_20220726_10_00_00/vexv5/gcc/libs\libc.a(lib_a-impure.o)
                              c:\Users\Student.EGR_03_LAPTOP.001\AppData\Roaming\Code\User\globalStorage\vexrobotics.vexcode\sdk\cpp\V5\V5_20220726_10_00_00/vexv5\libv5rt.a(v5_startup.c.obj) (_impure_ptr)
c:\Users\Student.EGR_03_LAPTOP.001\AppData\Roaming\Code\User\globalStorage\vexrobotics.vexcode\sdk\cpp\V5\V5_20220726_10_00_00/vexv5/gcc/libs\libc.a(lib_a-init.o)
                              c:\Users\Student.EGR_03_LAPTOP.001\AppData\Roaming\Code\User\globalStorage\vexrobotics.vexcode\sdk\cpp\V5\V5_20220726_10_00_00/vexv5\libv5rt.a(v5_startup.c.obj) (__libc_init_array)
c:\Users\Student.EGR_03_LAPTOP.001\AppData\Roaming\Code\User\globalStorage\vexrobotics.vexcode\sdk\cpp\V5\V5_20220726_10_00_00/vexv5/gcc/libs\libc.a(lib_a-memcpy.o)
                              c:\Users\Student.EGR_03_LAPTOP.001\AppData\Roaming\Code\User\globalStorage\vexrobotics.vexcode\sdk\cpp\V5\V5_20220726_10_00_00/vexv5/gcc/libs\libc.a(lib_a-aeabi_memcpy.o) (memcpy)

Allocating common symbols
Common symbol       size              file

_lv_theme_basic_styles
                    0x4               build-lvgl/include/lvgl/src/misc/lv_gc.o
_lv_group_ll        0xc               build-lvgl/include/lvgl/src/misc/lv_gc.o
LV_STYLE_GRID_COLUMN_DSC_ARRAY
                    0x2               build-lvgl/include/lvgl/src/extra/layouts/grid/lv_grid.o
LV_STYLE_GRID_CELL_Y_ALIGN
                    0x2               build-lvgl/include/lvgl/src/extra/layouts/grid/lv_grid.o
LV_STYLE_FLEX_CROSS_PLACE
                    0x2               build-lvgl/include/lvgl/src/extra/layouts/flex/lv_flex.o
_lv_img_decoder_ll  0xc               build-lvgl/include/lvgl/src/misc/lv_gc.o
_lv_circle_cache    0x70              build-lvgl/include/lvgl/src/misc/lv_gc.o
LV_STYLE_GRID_CELL_COLUMN_POS
                    0x2               build-lvgl/include/lvgl/src/extra/layouts/grid/lv_grid.o
LV_STYLE_GRID_CELL_ROW_SPAN
                    0x2               build-lvgl/include/lvgl/src/extra/layouts/grid/lv_grid.o
LV_STYLE_GRID_CELL_COLUMN_SPAN
[...]
Memory Configuration

Name             Origin             Length             Attributes
ps7_ddr_0_S_AXI_BASEADDR 0x03800000         0x04800000
*default*        0x00000000         0xffffffff

Linker script and memory map

                0x00800000                _HEAP_SIZE = 0x800000
                0x00002000                _STACK_SIZE = DEFINED (_STACK_SIZE)?_STACK_SIZE:0x2000
                0x00100000                _HEAP_SIZE = DEFINED (_HEAP_SIZE)?_HEAP_SIZE:0x100000
                0x00000400                _ABORT_STACK_SIZE = DEFINED (_ABORT_STACK_SIZE)?_ABORT_STACK_SIZE:0x400
                0x00000800                _SUPERVISOR_STACK_SIZE = DEFINED (_SUPERVISOR_STACK_SIZE)?_SUPERVISOR_STACK_SIZE:0x800
                0x00000400                _IRQ_STACK_SIZE = DEFINED (_IRQ_STACK_SIZE)?_IRQ_STACK_SIZE:0x400
                0x00000400                _FIQ_STACK_SIZE = DEFINED (_FIQ_STACK_SIZE)?_FIQ_STACK_SIZE:0x400
                0x00000400                _UNDEF_STACK_SIZE = DEFINED (_UNDEF_STACK_SIZE)?_UNDEF_STACK_SIZE:0x400

.text           0x03800000      0x4a0
 *(.vectors)
 *(.boot_data)
 .boot_data     0x03800000       0x20 c:\Users\Student.EGR_03_LAPTOP.001\AppData\Roaming\Code\User\globalStorage\vexrobotics.vexcode\sdk\cpp\V5\V5_20220726_10_00_00/vexv5\libv5rt.a(v5_startup.c.obj)
                0x03800000                vexCodeSig
                0x00000020                . = 0x20
 *(.boot)
 .boot          0x03800020       0xbc c:\Users\Student.EGR_03_LAPTOP.001\AppData\Roaming\Code\User\globalStorage\vexrobotics.vexcode\sdk\cpp\V5\V5_20220726_10_00_00/vexv5\libv5rt.a(v5_startup.c.obj)
                0x03800020                vexStartup
                0x03800100                . = ALIGN (0x40)
 *fill*         0x038000dc       0x24 
 *(.freertos_vectors)
 *(.text)
 .text          0x03800100       0x1c build-lvgl/src/lvgl-main.o
                0x03800100                main
 *(.text.*)
 .text.vexMain  0x0380011c       0xb0 c:\Users\Student.EGR_03_LAPTOP.001\AppData\Roaming\Code\User\globalStorage\vexrobotics.vexcode\sdk\cpp\V5\V5_20220726_10_00_00/vexv5\libv5rt.a(v5_startup.c.obj)
                0x0380011c                vexMain
 .text.__vex_function_prolog
                0x038001cc       0x18 c:\Users\Student.EGR_03_LAPTOP.001\AppData\Roaming\Code\User\globalStorage\vexrobotics.vexcode\sdk\cpp\V5\V5_20220726_10_00_00/vexv5\libv5rt.a(v5_startup.c.obj)
                0x038001cc                __vex_function_prolog
 .text._init    0x038001e4        0x4 c:\Users\Student.EGR_03_LAPTOP.001\AppData\Roaming\Code\User\globalStorage\vexrobotics.vexcode\sdk\cpp\V5\V5_20220726_10_00_00/vexv5\libv5rt.a(v5_startup.c.obj)
                0x038001e4                _init
 .text._fini    0x038001e8        0x4 c:\Users\Student.EGR_03_LAPTOP.001\AppData\Roaming\Code\User\globalStorage\vexrobotics.vexcode\sdk\cpp\V5\V5_20220726_10_00_00/vexv5\libv5rt.a(v5_startup.c.obj)
                0x038001e8                _fini
 .text.vexStdlibVersionLinked
                0x038001ec        0xc c:\Users\Student.EGR_03_LAPTOP.001\AppData\Roaming\Code\User\globalStorage\vexrobotics.vexcode\sdk\cpp\V5\V5_20220726_10_00_00/vexv5\libv5rt.a(v5_util.c.obj)
                0x038001ec                vexStdlibVersionLinked
 .text.vexStdlibVersionVerify
                0x038001f8       0x30 c:\Users\Student.EGR_03_LAPTOP.001\AppData\Roaming\Code\User\globalStorage\vexrobotics.vexcode\sdk\cpp\V5\V5_20220726_10_00_00/vexv5\libv5rt.a(v5_util.c.obj)
                0x038001f8                vexStdlibVersionVerify
 .text.vexPrivateApiEnable
                0x03800228       0x10 c:\Users\Student.EGR_03_LAPTOP.001\AppData\Roaming\Code\User\globalStorage\vexrobotics.vexcode\sdk\cpp\V5\V5_20220726_10_00_00/vexv5\libv5rt.a(v5_apijump.c.obj)
                0x03800228                vexPrivateApiEnable
 .text.vexStdlibMismatchError
                0x03800238       0x3c c:\Users\Student.EGR_03_LAPTOP.001\AppData\Roaming\Code\User\globalStorage\vexrobotics.vexcode\sdk\cpp\V5\V5_20220726_10_00_00/vexv5\libv5rt.a(v5_apijump.c.obj)
                0x03800238                vexStdlibMismatchError
 .text.vexTaskAdd
                0x03800274       0x10 c:\Users\Student.EGR_03_LAPTOP.001\AppData\Roaming\Code\User\globalStorage\vexrobotics.vexcode\sdk\cpp\V5\V5_20220726_10_00_00/vexv5\libv5rt.a(v5_apijump.c.obj)
                0x03800274                vexTaskAdd
 .text.vexTasksRun
                0x03800284       0x10 c:\Users\Student.EGR_03_LAPTOP.001\AppData\Roaming\Code\User\globalStorage\vexrobotics.vexcode\sdk\cpp\V5\V5_20220726_10_00_00/vexv5\libv5rt.a(v5_apijump.c.obj)
                0x03800284                vexTasksRun
 .text.vexTaskCheckTimeslice
                0x03800294       0x10 c:\Users\Student.EGR_03_LAPTOP.001\AppData\Roaming\Code\User\globalStorage\vexrobotics.vexcode\sdk\cpp\V5\V5_20220726_10_00_00/vexv5\libv5rt.a(v5_apijump.c.obj)
                0x03800294                vexTaskCheckTimeslice
 .text.vexTasksDump
                0x038002a4       0x1c c:\Users\Student.EGR_03_LAPTOP.001\AppData\Roaming\Code\User\globalStorage\vexrobotics.vexcode\sdk\cpp\V5\V5_20220726_10_00_00/vexv5\libv5rt.a(v5_apijump.c.obj)
                0x038002a4                vexTasksDump
 .text.vexTaskGetTaskIndex
                0x038002c0       0x10 c:\Users\Student.EGR_03_LAPTOP.001\AppData\Roaming\Code\User\globalStorage\vexrobotics.vexcode\sdk\cpp\V5\V5_20220726_10_00_00/vexv5\libv5rt.a(v5_apijump.c.obj)
                0x038002c0                vexTaskGetTaskIndex
 .text.vexTaskStopAll
                0x038002d0       0x10 c:\Users\Student.EGR_03_LAPTOP.001\AppData\Roaming\Code\User\globalStorage\vexrobotics.vexcode\sdk\cpp\V5\V5_20220726_10_00_00/vexv5\libv5rt.a(v5_apijump.c.obj)
                0x038002d0                vexTaskStopAll
 .text.vexTaskCompletionIdSet
                0x038002e0       0x10 c:\Users\Student.EGR_03_LAPTOP.001\AppData\Roaming\Code\User\globalStorage\vexrobotics.vexcode\sdk\cpp\V5\V5_20220726_10_00_00/vexv5\libv5rt.a(v5_apijump.c.obj)
                0x038002e0                vexTaskCompletionIdSet
 .text.vexDebug
                0x038002f0       0x38 c:\Users\Student.EGR_03_LAPTOP.001\AppData\Roaming\Code\User\globalStorage\vexrobotics.vexcode\sdk\cpp\V5\V5_20220726_10_00_00/vexv5\libv5rt.a(v5_apijump.c.obj)
                0x038002f0                vexDebug
 .text.vexSystemTimeGet
                0x03800328       0x1c c:\Users\Student.EGR_03_LAPTOP.001\AppData\Roaming\Code\User\globalStorage\vexrobotics.vexcode\sdk\cpp\V5\V5_20220726_10_00_00/vexv5\libv5rt.a(v5_apijump.c.obj)
                0x03800328                vexSystemTimeGet
 .text.vexSystemExitRequest
                0x03800344       0x1c c:\Users\Student.EGR_03_LAPTOP.001\AppData\Roaming\Code\User\globalStorage\vexrobotics.vexcode\sdk\cpp\V5\V5_20220726_10_00_00/vexv5\libv5rt.a(v5_apijump.c.obj)
                0x03800344                vexSystemExitRequest
 .text.vexSystemStdlibImpureDataAddr
                0x03800360       0x28 c:\Users\Student.EGR_03_LAPTOP.001\AppData\Roaming\Code\User\globalStorage\vexrobotics.vexcode\sdk\cpp\V5\V5_20220726_10_00_00/vexv5\libv5rt.a(v5_apijump.c.obj)
                0x03800360                vexSystemStdlibImpureDataAddr
 .text.vexSystemStdlibImpureDataSize
                0x03800388       0x28 c:\Users\Student.EGR_03_LAPTOP.001\AppData\Roaming\Code\User\globalStorage\vexrobotics.vexcode\sdk\cpp\V5\V5_20220726_10_00_00/vexv5\libv5rt.a(v5_apijump.c.obj)
                0x03800388                vexSystemStdlibImpureDataSize
 .text.vexSystemSaveUserData
                0x038003b0       0x3c c:\Users\Student.EGR_03_LAPTOP.001\AppData\Roaming\Code\User\globalStorage\vexrobotics.vexcode\sdk\cpp\V5\V5_20220726_10_00_00/vexv5\libv5rt.a(v5_apijump.c.obj)
                0x038003b0                vexSystemSaveUserData
 .text.vexSystemVersion
                0x038003ec       0x10 c:\Users\Student.EGR_03_LAPTOP.001\AppData\Roaming\Code\User\globalStorage\vexrobotics.vexcode\sdk\cpp\V5\V5_20220726_10_00_00/vexv5\libv5rt.a(v5_apiversions.c.obj)
                0x038003ec                vexSystemVersion
 .text.vexStdlibVersion
                0x038003fc       0x10 c:\Users\Student.EGR_03_LAPTOP.001\AppData\Roaming\Code\User\globalStorage\vexrobotics.vexcode\sdk\cpp\V5\V5_20220726_10_00_00/vexv5\libv5rt.a(v5_apiversions.c.obj)
                0x038003fc                vexStdlibVersion
 .text.__libc_fini_array
                0x0380040c       0x30 c:\Users\Student.EGR_03_LAPTOP.001\AppData\Roaming\Code\User\globalStorage\vexrobotics.vexcode\sdk\cpp\V5\V5_20220726_10_00_00/vexv5/gcc/libs\libc.a(lib_a-fini.o)
                0x0380040c                __libc_fini_array
 .text.__libc_init_array
                0x0380043c       0x58 c:\Users\Student.EGR_03_LAPTOP.001\AppData\Roaming\Code\User\globalStorage\vexrobotics.vexcode\sdk\cpp\V5\V5_20220726_10_00_00/vexv5/gcc/libs\libc.a(lib_a-init.o)
                0x0380043c                __libc_init_array
 *fill*         0x03800494        0x4 
 .text.__libc_init_array.__stub
                0x03800498        0x8 linker stubs
 *(.gnu.linkonce.t.*)
 *(.plt)
 *(.gnu_warning)
 *(.gcc_except_table)
 *(.glue_7)
 .glue_7        0x00000000        0x0 linker stubs
 *(.glue_7t)
 .glue_7t       0x00000000        0x0 linker stubs
 *(.vfp11_veneer)
 .vfp11_veneer  0x00000000        0x0 linker stubs
 *(.ARM.extab)
 *(.gnu.linkonce.armextab.*)

.v4_bx          0x038004a0        0x0
 .v4_bx         0x00000000        0x0 linker stubs

.iplt           0x038004a0        0x0
 .iplt          0x00000000        0x0 build-lvgl/src/lvgl-main.o

.init
 *(.init)

.fini
 *(.fini)

.rodata         0x038004a0       0x5c
                0x038004a0                __rodata_start = .
 *(.rodata)
 *(.rodata.*)
 .rodata.str1.1
                0x038004a0       0x28 build-lvgl/src/lvgl-main.o
 .rodata.str1.1
                0x038004c8       0x2e c:\Users\Student.EGR_03_LAPTOP.001\AppData\Roaming\Code\User\globalStorage\vexrobotics.vexcode\sdk\cpp\V5\V5_20220726_10_00_00/vexv5\libv5rt.a(v5_startup.c.obj)
 *fill*         0x038004f6        0x2 
 .rodata.str1.4
                0x038004f8        0x4 c:\Users\Student.EGR_03_LAPTOP.001\AppData\Roaming\Code\User\globalStorage\vexrobotics.vexcode\sdk\cpp\V5\V5_20220726_10_00_00/vexv5/gcc/libs\libc.a(lib_a-impure.o)
                                  0x2 (size before relaxing)
 *(.gnu.linkonce.r.*)
                0x038004fc                __rodata_end = .

.rodata1        0x038004fc        0x0
                0x038004fc                __rodata1_start = .
 *(.rodata1)
 *(.rodata1.*)
                0x038004fc                __rodata1_end = .

.sdata2         0x038004fc        0x0
                0x038004fc                __sdata2_start = .
 *(.sdata2)
 *(.sdata2.*)
 *(.gnu.linkonce.s2.*)
                0x038004fc                __sdata2_end = .

.sbss2          0x038004fc        0x0
                0x038004fc                __sbss2_start = .
 *(.sbss2)
 *(.sbss2.*)
 *(.gnu.linkonce.sb2.*)
                0x038004fc                __sbss2_end = .

.data           0x03800500      0x434
                0x03800500                __data_start = .
 *(.data)
 *(.data.*)
 .data.appRunning
                0x03800500        0x4 c:\Users\Student.EGR_03_LAPTOP.001\AppData\Roaming\Code\User\globalStorage\vexrobotics.vexcode\sdk\cpp\V5\V5_20220726_10_00_00/vexv5\libv5rt.a(v5_startup.c.obj)
                0x03800500                appRunning
 *fill*         0x03800504        0x4 
 .data.impure_data
                0x03800508      0x428 c:\Users\Student.EGR_03_LAPTOP.001\AppData\Roaming\Code\User\globalStorage\vexrobotics.vexcode\sdk\cpp\V5\V5_20220726_10_00_00/vexv5/gcc/libs\libc.a(lib_a-impure.o)
 .data._impure_ptr
                0x03800930        0x4 c:\Users\Student.EGR_03_LAPTOP.001\AppData\Roaming\Code\User\globalStorage\vexrobotics.vexcode\sdk\cpp\V5\V5_20220726_10_00_00/vexv5/gcc/libs\libc.a(lib_a-impure.o)
                0x03800930                _impure_ptr
 *(.gnu.linkonce.d.*)
 *(.jcr)
 *(.got)
 *(.got.plt)
                0x03800934                __data_end = .

.igot.plt       0x03800934        0x0
 .igot.plt      0x00000000        0x0 build-lvgl/src/lvgl-main.o

.data1          0x03800934        0x0
                0x03800934                __data1_start = .
 *(.data1)
 *(.data1.*)
                0x03800934                __data1_end = .

.got
 *(.got)

.ctors          0x03800934        0x0
                0x03800934                __CTOR_LIST__ = .
                0x03800934                ___CTORS_LIST___ = .
 *crtbegin.o(.ctors)
 *(EXCLUDE_FILE(*crtend.o) .ctors)
 *(SORT(.ctors.*))
 *(.ctors)
                0x03800934                __CTOR_END__ = .
                0x03800934                ___CTORS_END___ = .

.dtors          0x03800934        0x0
                0x03800934                __DTOR_LIST__ = .
                0x03800934                ___DTORS_LIST___ = .
 *crtbegin.o(.dtors)
 *(EXCLUDE_FILE(*crtend.o) .dtors)
 *(SORT(.dtors.*))
 *(.dtors)
                0x03800934                __DTOR_END__ = .
                0x03800934                ___DTORS_END___ = .

.fixup          0x03800934        0x0
                0x03800934                __fixup_start = .
 *(.fixup)
                0x03800934                __fixup_end = .

.eh_frame
 *(.eh_frame)

.eh_framehdr    0x03800934        0x0
                0x03800934                __eh_framehdr_start = .
 *(.eh_framehdr)
                0x03800934                __eh_framehdr_end = .

.gcc_except_table
 *(.gcc_except_table)

.mmu_tbl        0x03804000        0x0
                0x03804000                __mmu_tbl_start = .
 *(.mmu_tbl)
                0x03804000                __mmu_tbl_end = .

.ARM.exidx      0x03800934        0x8
                0x03800934                __exidx_start = .
 *(.ARM.exidx*)
 .ARM.exidx     0x03800934        0x8 build-lvgl/src/lvgl-main.o
 *(.gnu.linkonce.armexidix.*.*)
                0x0380093c                __exidx_end = .

.rel.dyn        0x0380093c        0x0
 .rel.iplt      0x00000000        0x0 build-lvgl/src/lvgl-main.o

.preinit_array  0x0380093c        0x0
                0x0380093c                __preinit_array_start = .
 *(SORT(.preinit_array.*))
 *(.preinit_array)
                0x0380093c                __preinit_array_end = .

.init_array     0x0380093c        0x0
                0x0380093c                __init_array_start = .
 *(SORT(.init_array.*))
 *(.init_array)
                0x0380093c                __init_array_end = .

.fini_array     0x0380093c        0x0
                0x0380093c                __fini_array_start = .
 *(SORT(.fini_array.*))
 *(.fini_array)
                0x0380093c                __fini_array_end = .

.ARM.attributes
                0x0380093c       0x3a
                0x0380093c                __ARM.attributes_start = .
 *(.ARM.attributes)
 .ARM.attributes
                0x0380093c       0x3a build-lvgl/src/lvgl-main.o
 .ARM.attributes
                0x03800976       0x35 c:\Users\Student.EGR_03_LAPTOP.001\AppData\Roaming\Code\User\globalStorage\vexrobotics.vexcode\sdk\cpp\V5\V5_20220726_10_00_00/vexv5\libv5rt.a(v5_startup.c.obj)
 .ARM.attributes
                0x038009ab       0x35 c:\Users\Student.EGR_03_LAPTOP.001\AppData\Roaming\Code\User\globalStorage\vexrobotics.vexcode\sdk\cpp\V5\V5_20220726_10_00_00/vexv5\libv5rt.a(v5_util.c.obj)
 .ARM.attributes
                0x038009e0       0x35 c:\Users\Student.EGR_03_LAPTOP.001\AppData\Roaming\Code\User\globalStorage\vexrobotics.vexcode\sdk\cpp\V5\V5_20220726_10_00_00/vexv5\libv5rt.a(v5_apijump.c.obj)
 .ARM.attributes
                0x03800a15       0x35 c:\Users\Student.EGR_03_LAPTOP.001\AppData\Roaming\Code\User\globalStorage\vexrobotics.vexcode\sdk\cpp\V5\V5_20220726_10_00_00/vexv5\libv5rt.a(v5_apiversions.c.obj)
 .ARM.attributes
                0x03800a4a       0x2b c:\Users\Student.EGR_03_LAPTOP.001\AppData\Roaming\Code\User\globalStorage\vexrobotics.vexcode\sdk\cpp\V5\V5_20220726_10_00_00/vexv5/gcc/libs\libc.a(lib_a-fini.o)
 .ARM.attributes
                0x03800a75       0x2b c:\Users\Student.EGR_03_LAPTOP.001\AppData\Roaming\Code\User\globalStorage\vexrobotics.vexcode\sdk\cpp\V5\V5_20220726_10_00_00/vexv5/gcc/libs\libc.a(lib_a-impure.o)
 .ARM.attributes
                0x03800aa0       0x2b c:\Users\Student.EGR_03_LAPTOP.001\AppData\Roaming\Code\User\globalStorage\vexrobotics.vexcode\sdk\cpp\V5\V5_20220726_10_00_00/vexv5/gcc/libs\libc.a(lib_a-init.o)
                0x03800acb                __ARM.attributes_end = .

.sdata          0x0380093c        0x0
                0x0380093c                __sdata_start = .
 *(.sdata)
 *(.sdata.*)
 *(.gnu.linkonce.s.*)
                0x0380093c                __sdata_end = .

.sbss           0x0380093c        0x0
                0x0380093c                __sbss_start = .
 *(.sbss)
 *(.sbss.*)
 *(.gnu.linkonce.sb.*)
                0x0380093c                __sbss_end = .

.tdata          0x0380093c        0x0
                0x0380093c                __tdata_start = .
 *(.tdata)
 *(.tdata.*)
 *(.gnu.linkonce.td.*)
                0x0380093c                __tdata_end = .

.tbss           0x0380093c        0x0
                0x0380093c                __tbss_start = .
 *(.tbss)
 *(.tbss.*)
 *(.gnu.linkonce.tb.*)
                0x0380093c                __tbss_end = .

.bss            0x0380093c       0x18
                0x0380093c                __bss_start = .
 *(.bss)
 *(.bss.*)
 *(.gnu.linkonce.b.*)
 *(COMMON)
 COMMON         0x0380093c       0x18 c:\Users\Student.EGR_03_LAPTOP.001\AppData\Roaming\Code\User\globalStorage\vexrobotics.vexcode\sdk\cpp\V5\V5_20220726_10_00_00/vexv5\libv5rt.a(v5_startup.c.obj)
                0x03800940                __vex_critical_section
                0x03800954                __bss_end = .
                0x0380093c                _SDA_BASE_ = (__sdata_start + ((__sbss_end - __sdata_start) / 0x2))
                0x038004fc                _SDA2_BASE_ = (__sdata2_start + ((__sbss2_end - __sdata2_start) / 0x2))

.heap           0x03800954   0x80000c
                0x03800960                . = ALIGN (0x10)
 *fill*         0x03800954        0xc 
                0x03800960                _heap = .
                0x03800960                HeapBase = .
                0x03800960                _heap_start = .
                0x04000960                . = (. + _HEAP_SIZE)
 *fill*         0x03800960   0x800000 
                0x04000960                _heap_end = .
                0x04000960                HeapLimit = .

.stack          0x04000960     0x3800
                0x04000960                . = ALIGN (0x10)
                0x04000960                _stack_end = .
                0x04002960                . = (. + _STACK_SIZE)
 *fill*         0x04000960     0x2000 
                0x04002960                . = ALIGN (0x10)
                0x04002960                _stack = .
                0x04002960                __stack = _stack
                0x04002960                . = ALIGN (0x10)
                0x04002960                _irq_stack_end = .
                0x04002d60                . = (. + _IRQ_STACK_SIZE)
 *fill*         0x04002960      0x400 
                0x04002d60                . = ALIGN (0x10)
                0x04002d60                __irq_stack = .
                0x04002d60                _supervisor_stack_end = .
                0x04003560                . = (. + _SUPERVISOR_STACK_SIZE)
 *fill*         0x04002d60      0x800 
                0x04003560                . = ALIGN (0x10)
                0x04003560                __supervisor_stack = .
                0x04003560                _abort_stack_end = .
                0x04003960                . = (. + _ABORT_STACK_SIZE)
 *fill*         0x04003560      0x400 
                0x04003960                . = ALIGN (0x10)
                0x04003960                __abort_stack = .
                0x04003960                _fiq_stack_end = .
                0x04003d60                . = (. + _FIQ_STACK_SIZE)
 *fill*         0x04003960      0x400 
                0x04003d60                . = ALIGN (0x10)
                0x04003d60                __fiq_stack = .
                0x04003d60                _undef_stack_end = .
                0x04004160                . = (. + _UNDEF_STACK_SIZE)
 *fill*         0x04003d60      0x400 
                0x04004160                . = ALIGN (0x10)
                0x04004160                __undef_stack = .
                0x04004160                _end = .
LOAD c:\Users\Student.EGR_03_LAPTOP.001\AppData\Roaming\Code\User\globalStorage\vexrobotics.vexcode\sdk\cpp\V5\V5_20220726_10_00_00/vexv5/stdlib_0.lib
LOAD build-lvgl/src/lvgl-main.o
LOAD build-lvgl/src/lv_init.o
LOAD build-lvgl/include/lvgl/src/core/lv_indev_scroll.o
LOAD build-lvgl/include/lvgl/src/core/lv_obj_pos.o
LOAD build-lvgl/include/lvgl/src/core/lv_obj_style_gen.o
LOAD build-lvgl/include/lvgl/src/core/lv_obj.o
LOAD build-lvgl/include/lvgl/src/core/lv_obj_scroll.o
LOAD build-lvgl/include/lvgl/src/core/lv_obj_tree.o
LOAD build-lvgl/include/lvgl/src/core/lv_obj_style.o
LOAD build-lvgl/include/lvgl/src/core/lv_group.o
LOAD build-lvgl/include/lvgl/src/core/lv_theme.o
LOAD build-lvgl/include/lvgl/src/core/lv_event.o
LOAD build-lvgl/include/lvgl/src/core/lv_refr.o
LOAD build-lvgl/include/lvgl/src/core/lv_obj_draw.o
LOAD build-lvgl/include/lvgl/src/core/lv_indev.o
LOAD build-lvgl/include/lvgl/src/core/lv_obj_class.o
LOAD build-lvgl/include/lvgl/src/core/lv_disp.o
LOAD build-lvgl/include/lvgl/src/draw/lv_draw_arc.o
LOAD build-lvgl/include/lvgl/src/draw/lv_draw_img.o
LOAD build-lvgl/include/lvgl/src/draw/lv_draw_mask.o
LOAD build-lvgl/include/lvgl/src/draw/lv_img_cache.o
LOAD build-lvgl/include/lvgl/src/draw/lv_draw.o
LOAD build-lvgl/include/lvgl/src/draw/lv_draw_triangle.o
LOAD build-lvgl/include/lvgl/src/draw/lv_draw_rect.o
LOAD build-lvgl/include/lvgl/src/draw/lv_draw_label.o
LOAD build-lvgl/include/lvgl/src/draw/lv_img_decoder.o
LOAD build-lvgl/include/lvgl/src/draw/lv_draw_line.o
LOAD build-lvgl/include/lvgl/src/draw/lv_img_buf.o
LOAD build-lvgl/include/lvgl/src/extra/lv_extra.o
LOAD build-lvgl/include/lvgl/src/font/lv_font_unscii_8.o
LOAD build-lvgl/include/lvgl/src/font/lv_font_montserrat_10.o
LOAD build-lvgl/include/lvgl/src/font/lv_font_montserrat_46.o
LOAD build-lvgl/include/lvgl/src/font/lv_font_montserrat_38.o
LOAD build-lvgl/include/lvgl/src/font/lv_font_montserrat_26.o
LOAD build-lvgl/include/lvgl/src/font/lv_font_montserrat_16.o
LOAD build-lvgl/include/lvgl/src/font/lv_font_montserrat_8.o
LOAD build-lvgl/include/lvgl/src/font/lv_font_montserrat_12.o
LOAD build-lvgl/include/lvgl/src/font/lv_font_simsun_16_cjk.o
LOAD build-lvgl/include/lvgl/src/font/lv_font_montserrat_12_subpx.o
LOAD build-lvgl/include/lvgl/src/font/lv_font_montserrat_48.o
LOAD build-lvgl/include/lvgl/src/font/lv_font_montserrat_32.o
LOAD build-lvgl/include/lvgl/src/font/lv_font_montserrat_24.o
LOAD build-lvgl/include/lvgl/src/font/lv_font_montserrat_40.o
LOAD build-lvgl/include/lvgl/src/font/lv_font_montserrat_34.o
LOAD build-lvgl/include/lvgl/src/font/lv_font_montserrat_30.o
LOAD build-lvgl/include/lvgl/src/font/lv_font_montserrat_28.o
LOAD build-lvgl/include/lvgl/src/font/lv_font_montserrat_20.o
LOAD build-lvgl/include/lvgl/src/font/lv_font_montserrat_44.o
LOAD build-lvgl/include/lvgl/src/font/lv_font_unscii_16.o
LOAD build-lvgl/include/lvgl/src/font/lv_font_fmt_txt.o
LOAD build-lvgl/include/lvgl/src/font/lv_font_montserrat_36.o
LOAD build-lvgl/include/lvgl/src/font/lv_font_montserrat_18.o
LOAD build-lvgl/include/lvgl/src/font/lv_font_montserrat_42.o
LOAD build-lvgl/include/lvgl/src/font/lv_font_dejavu_16_persian_hebrew.o
LOAD build-lvgl/include/lvgl/src/font/lv_font_montserrat_22.o
LOAD build-lvgl/include/lvgl/src/font/lv_font_montserrat_14.o
LOAD build-lvgl/include/lvgl/src/font/lv_font.o
LOAD build-lvgl/include/lvgl/src/font/lv_font_montserrat_28_compressed.o
LOAD build-lvgl/include/lvgl/src/font/lv_font_loader.o
LOAD build-lvgl/include/lvgl/src/hal/lv_hal_indev.o
LOAD build-lvgl/include/lvgl/src/hal/lv_hal_disp.o
LOAD build-lvgl/include/lvgl/src/hal/lv_hal_tick.o
LOAD build-lvgl/include/lvgl/src/misc/lv_color.o
LOAD build-lvgl/include/lvgl/src/misc/lv_async.o
LOAD build-lvgl/include/lvgl/src/misc/lv_gc.o
LOAD build-lvgl/include/lvgl/src/misc/lv_anim.o
LOAD build-lvgl/include/lvgl/src/misc/lv_area.o
LOAD build-lvgl/include/lvgl/src/misc/lv_templ.o
LOAD build-lvgl/include/lvgl/src/misc/lv_lru.o
LOAD build-lvgl/include/lvgl/src/misc/lv_math.o
LOAD build-lvgl/include/lvgl/src/misc/lv_fs.o
LOAD build-lvgl/include/lvgl/src/misc/lv_printf.o
LOAD build-lvgl/include/lvgl/src/misc/lv_ll.o
LOAD build-lvgl/include/lvgl/src/misc/lv_log.o
LOAD build-lvgl/include/lvgl/src/misc/lv_style_gen.o
LOAD build-lvgl/include/lvgl/src/misc/lv_bidi.o
LOAD build-lvgl/include/lvgl/src/misc/lv_anim_timeline.o
LOAD build-lvgl/include/lvgl/src/misc/lv_txt_ap.o
LOAD build-lvgl/include/lvgl/src/misc/lv_tlsf.o
LOAD build-lvgl/include/lvgl/src/misc/lv_mem.o
LOAD build-lvgl/include/lvgl/src/misc/lv_timer.o
LOAD build-lvgl/include/lvgl/src/misc/lv_txt.o
LOAD build-lvgl/include/lvgl/src/misc/lv_style.o
LOAD build-lvgl/include/lvgl/src/misc/lv_utils.o
LOAD build-lvgl/include/lvgl/src/widgets/lv_canvas.o
LOAD build-lvgl/include/lvgl/src/widgets/lv_line.o
LOAD build-lvgl/include/lvgl/src/widgets/lv_bar.o
LOAD build-lvgl/include/lvgl/src/widgets/lv_label.o
LOAD build-lvgl/include/lvgl/src/widgets/lv_checkbox.o
LOAD build-lvgl/include/lvgl/src/widgets/lv_arc.o
LOAD build-lvgl/include/lvgl/src/widgets/lv_btnmatrix.o
LOAD build-lvgl/include/lvgl/src/widgets/lv_table.o
LOAD build-lvgl/include/lvgl/src/widgets/lv_textarea.o
LOAD build-lvgl/include/lvgl/src/widgets/lv_dropdown.o
LOAD build-lvgl/include/lvgl/src/widgets/lv_img.o
LOAD build-lvgl/include/lvgl/src/widgets/lv_roller.o
LOAD build-lvgl/include/lvgl/src/widgets/lv_slider.o
LOAD build-lvgl/include/lvgl/src/widgets/lv_objx_templ.o
LOAD build-lvgl/include/lvgl/src/widgets/lv_btn.o
LOAD build-lvgl/include/lvgl/src/widgets/lv_switch.o
LOAD build-lvgl/include/lvgl/src/draw/arm2d/lv_gpu_arm2d.o
LOAD build-lvgl/include/lvgl/src/draw/nxp_pxp/lv_gpu_nxp_pxp.o
LOAD build-lvgl/include/lvgl/src/draw/nxp_pxp/lv_gpu_nxp_pxp_osa.o
LOAD build-lvgl/include/lvgl/src/draw/nxp_vglite/lv_gpu_nxp_vglite.o
LOAD build-lvgl/include/lvgl/src/draw/sdl/lv_draw_sdl_img.o
LOAD build-lvgl/include/lvgl/src/draw/sdl/lv_draw_sdl_line.o
LOAD build-lvgl/include/lvgl/src/draw/sdl/lv_draw_sdl_texture_cache.o
LOAD build-lvgl/include/lvgl/src/draw/sdl/lv_draw_sdl_arc.o
LOAD build-lvgl/include/lvgl/src/draw/sdl/lv_draw_sdl_polygon.o
LOAD build-lvgl/include/lvgl/src/draw/sdl/lv_draw_sdl_mask.o
LOAD build-lvgl/include/lvgl/src/draw/sdl/lv_draw_sdl_stack_blur.o
LOAD build-lvgl/include/lvgl/src/draw/sdl/lv_draw_sdl_composite.o
LOAD build-lvgl/include/lvgl/src/draw/sdl/lv_draw_sdl_bg.o
LOAD build-lvgl/include/lvgl/src/draw/sdl/lv_draw_sdl.o
LOAD build-lvgl/include/lvgl/src/draw/sdl/lv_draw_sdl_utils.o
LOAD build-lvgl/include/lvgl/src/draw/sdl/lv_draw_sdl_rect.o
LOAD build-lvgl/include/lvgl/src/draw/sdl/lv_draw_sdl_label.o
LOAD build-lvgl/include/lvgl/src/draw/stm32_dma2d/lv_gpu_stm32_dma2d.o
LOAD build-lvgl/include/lvgl/src/draw/sw/lv_draw_sw_arc.o
LOAD build-lvgl/include/lvgl/src/draw/sw/lv_draw_sw_rect.o
LOAD build-lvgl/include/lvgl/src/draw/sw/lv_draw_sw_blend.o
LOAD build-lvgl/include/lvgl/src/draw/sw/lv_draw_sw_polygon.o
LOAD build-lvgl/include/lvgl/src/draw/sw/lv_draw_sw.o
LOAD build-lvgl/include/lvgl/src/draw/sw/lv_draw_sw_gradient.o
LOAD build-lvgl/include/lvgl/src/draw/sw/lv_draw_sw_dither.o
LOAD build-lvgl/include/lvgl/src/draw/sw/lv_draw_sw_letter.o
LOAD build-lvgl/include/lvgl/src/draw/sw/lv_draw_sw_line.o
LOAD build-lvgl/include/lvgl/src/draw/sw/lv_draw_sw_img.o
LOAD build-lvgl/include/lvgl/src/extra/layouts/flex/lv_flex.o
LOAD build-lvgl/include/lvgl/src/extra/layouts/grid/lv_grid.o
LOAD build-lvgl/include/lvgl/src/extra/libs/bmp/lv_bmp.o
LOAD build-lvgl/include/lvgl/src/extra/libs/ffmpeg/lv_ffmpeg.o
LOAD build-lvgl/include/lvgl/src/extra/libs/freetype/lv_freetype.o
LOAD build-lvgl/include/lvgl/src/extra/libs/fsdrv/lv_fs_fatfs.o
LOAD build-lvgl/include/lvgl/src/extra/libs/fsdrv/lv_fs_posix.o
LOAD build-lvgl/include/lvgl/src/extra/libs/fsdrv/lv_fs_stdio.o
LOAD build-lvgl/include/lvgl/src/extra/libs/fsdrv/lv_fs_win32.o
LOAD build-lvgl/include/lvgl/src/extra/libs/gif/lv_gif.o
LOAD build-lvgl/include/lvgl/src/extra/libs/gif/gifdec.o
LOAD build-lvgl/include/lvgl/src/extra/libs/png/lodepng.o
LOAD build-lvgl/include/lvgl/src/extra/libs/png/lv_png.o
LOAD build-lvgl/include/lvgl/src/extra/libs/qrcode/lv_qrcode.o
LOAD build-lvgl/include/lvgl/src/extra/libs/qrcode/qrcodegen.o
LOAD build-lvgl/include/lvgl/src/extra/libs/rlottie/lv_rlottie.o
LOAD build-lvgl/include/lvgl/src/extra/libs/sjpg/tjpgd.o
LOAD build-lvgl/include/lvgl/src/extra/libs/sjpg/lv_sjpg.o
LOAD build-lvgl/include/lvgl/src/extra/others/fragment/lv_fragment.o
LOAD build-lvgl/include/lvgl/src/extra/others/fragment/lv_fragment_manager.o
LOAD build-lvgl/include/lvgl/src/extra/others/gridnav/lv_gridnav.o
LOAD build-lvgl/include/lvgl/src/extra/others/imgfont/lv_imgfont.o
LOAD build-lvgl/include/lvgl/src/extra/others/monkey/lv_monkey.o
LOAD build-lvgl/include/lvgl/src/extra/others/snapshot/lv_snapshot.o
LOAD build-lvgl/include/lvgl/src/extra/themes/basic/lv_theme_basic.o
LOAD build-lvgl/include/lvgl/src/extra/themes/default/lv_theme_default.o
LOAD build-lvgl/include/lvgl/src/extra/themes/mono/lv_theme_mono.o
LOAD build-lvgl/include/lvgl/src/extra/widgets/animimg/lv_animimg.o
LOAD build-lvgl/include/lvgl/src/extra/widgets/calendar/lv_calendar_header_dropdown.o
LOAD build-lvgl/include/lvgl/src/extra/widgets/calendar/lv_calendar_header_arrow.o
LOAD build-lvgl/include/lvgl/src/extra/widgets/calendar/lv_calendar.o
LOAD build-lvgl/include/lvgl/src/extra/widgets/chart/lv_chart.o
LOAD build-lvgl/include/lvgl/src/extra/widgets/colorwheel/lv_colorwheel.o
LOAD build-lvgl/include/lvgl/src/extra/widgets/imgbtn/lv_imgbtn.o
LOAD build-lvgl/include/lvgl/src/extra/widgets/keyboard/lv_keyboard.o
LOAD build-lvgl/include/lvgl/src/extra/widgets/led/lv_led.o
LOAD build-lvgl/include/lvgl/src/extra/widgets/list/lv_list.o
LOAD build-lvgl/include/lvgl/src/extra/widgets/menu/lv_menu.o
LOAD build-lvgl/include/lvgl/src/extra/widgets/meter/lv_meter.o
LOAD build-lvgl/include/lvgl/src/extra/widgets/msgbox/lv_msgbox.o
LOAD build-lvgl/include/lvgl/src/extra/widgets/span/lv_span.o
LOAD build-lvgl/include/lvgl/src/extra/widgets/spinbox/lv_spinbox.o
LOAD build-lvgl/include/lvgl/src/extra/widgets/spinner/lv_spinner.o
LOAD build-lvgl/include/lvgl/src/extra/widgets/tabview/lv_tabview.o
LOAD build-lvgl/include/lvgl/src/extra/widgets/tileview/lv_tileview.o
LOAD build-lvgl/include/lvgl/src/extra/widgets/win/lv_win.o
LOAD build-lvgl/liblvgl.a
START GROUP
LOAD build-lvgl\liblvgl.a
LOAD c:\Users\Student.EGR_03_LAPTOP.001\AppData\Roaming\Code\User\globalStorage\vexrobotics.vexcode\sdk\cpp\V5\V5_20220726_10_00_00/vexv5\libv5rt.a
LOAD c:\Users\Student.EGR_03_LAPTOP.001\AppData\Roaming\Code\User\globalStorage\vexrobotics.vexcode\sdk\cpp\V5\V5_20220726_10_00_00/vexv5/gcc/libs\libstdc++.a
LOAD c:\Users\Student.EGR_03_LAPTOP.001\AppData\Roaming\Code\User\globalStorage\vexrobotics.vexcode\sdk\cpp\V5\V5_20220726_10_00_00/vexv5/gcc/libs\libc.a
LOAD c:\Users\Student.EGR_03_LAPTOP.001\AppData\Roaming\Code\User\globalStorage\vexrobotics.vexcode\sdk\cpp\V5\V5_20220726_10_00_00/vexv5/gcc/libs\libm.a
LOAD c:\Users\Student.EGR_03_LAPTOP.001\AppData\Roaming\Code\User\globalStorage\vexrobotics.vexcode\sdk\cpp\V5\V5_20220726_10_00_00/vexv5/gcc/libs\libgcc.a
END GROUP
OUTPUT(build-lvgl/46F.elf elf32-littlearm)

.comment        0x00000000       0x9d
 .comment       0x00000000       0x2d build-lvgl/src/lvgl-main.o
                                 0x2e (size before relaxing)
 .comment       0x0000002d       0x70 c:\Users\Student.EGR_03_LAPTOP.001\AppData\Roaming\Code\User\globalStorage\vexrobotics.vexcode\sdk\cpp\V5\V5_20220726_10_00_00/vexv5\libv5rt.a(v5_startup.c.obj)
                                 0x71 (size before relaxing)
 .comment       0x00000000       0x71 c:\Users\Student.EGR_03_LAPTOP.001\AppData\Roaming\Code\User\globalStorage\vexrobotics.vexcode\sdk\cpp\V5\V5_20220726_10_00_00/vexv5\libv5rt.a(v5_util.c.obj)
 .comment       0x00000000       0x71 c:\Users\Student.EGR_03_LAPTOP.001\AppData\Roaming\Code\User\globalStorage\vexrobotics.vexcode\sdk\cpp\V5\V5_20220726_10_00_00/vexv5\libv5rt.a(v5_apijump.c.obj)
 .comment       0x00000000       0x71 c:\Users\Student.EGR_03_LAPTOP.001\AppData\Roaming\Code\User\globalStorage\vexrobotics.vexcode\sdk\cpp\V5\V5_20220726_10_00_00/vexv5\libv5rt.a(v5_apiversions.c.obj)

.note.GNU-stack
                0x00000000        0x0
 .note.GNU-stack
                0x00000000        0x0 build-lvgl/src/lvgl-main.o

.debug_frame    0x00000000       0x60
 .debug_frame   0x00000000       0x34 c:\Users\Student.EGR_03_LAPTOP.001\AppData\Roaming\Code\User\globalStorage\vexrobotics.vexcode\sdk\cpp\V5\V5_20220726_10_00_00/vexv5/gcc/libs\libc.a(lib_a-fini.o)
 .debug_frame   0x00000034       0x2c c:\Users\Student.EGR_03_LAPTOP.001\AppData\Roaming\Code\User\globalStorage\vexrobotics.vexcode\sdk\cpp\V5\V5_20220726_10_00_00/vexv5/gcc/libs\libc.a(lib_a-init.o)
